{
  "0000.COMN": {
    "sending_facility": "COCRX",
    "message_control_id": "MT_COCRX_MDM_RXDPTO.1.2763995",
    "medical_record_num": "G000639972",
    "medical_record_urn": "G537076",
    "patient_account_num": "G00219630286"
  },
  "0001.MSH": {
    "field_separator": "|",
    "encoding_characters": "^~\\&",
    "sending_facility": "COCRX",
    "date_time_of_message": "201609260821",
    "message_type": {
      "message_code": "MDM",
      "trigger_event": "T04"
    },
    "message_control_id": "MT_COCRX_MDM_RXDPTO.1.2763995",
    "processing_id": "P",
    "version_id": "2.1"
  },
  "0002.PID": {
    "set_id": "1",
    "medical_record_num": "G000639972",
    "medical_record_urn": "G537076",
    "patient_name": {
      "family_name": "GLASSER",
      "given_name": "ALICE",
      "second_and_further_given_names_or_initials_thereof": "SIBLEY"
    },
    "mother_maiden_name": "MARGARET",
    "date_time_of_birth": "19250919",
    "administrative_sex": "F",
    "patient_alias": {
      "type_code": "M"
    },
    "race": "W",
    "patient_address": {
      "street_address": "5147 CHESEBRO RD",
      "other_designation": "# 215",
      "city": "AGOURA",
      "state_or_province": "CA",
      "zip_or_postal_code": "91301"
    },
    "county_code": "LA",
    "phone_num_home": "(818)852-7217",
    "phone_num_business": "(999)999-9999",
    "marital_status": "W",
    "religion": "NON",
    "patient_account_num": "G00219630286",
    "ssn_num_patient": "300-14-0692"
  },
  "0003.PV1": {
    "set_id": "1",
    "patient_class": "I",
    "assigned_patient_location": {
      "point_of_care": "G.3TELE",
      "room": "G.3106",
      "bed": "A"
    },
    "admission_type": "EM",
    "attending_doctor": {
      "person_id": "ROSMO",
      "family_name": "Rostami",
      "given_name": "Mohammadreza",
      "degree": "MD",
      "id_type_code": "XX"
    },
    "referring_doctor": {
      "person_id": ".SELF",
      "family_name": "REFERRED",
      "given_name": "SELF",
      "id_type_code": "XX"
    },
    "primary_care_doctor": {
      "person_id": "UNDEFINED",
      "last_name": "AAZAMI",
      "first_name": "HESSAM",
      "identifier_type_code": "XX"
    },
    "hospital_service": "MED",
    "admit_source": "PR",
    "admitting_doctor": {
      "person_id": "ROSMO",
      "family_name": "Rostami",
      "given_name": "Mohammadreza",
      "degree": "MD",
      "id_type_code": "XX"
    },
    "patient_type": "IN",
    "financial_class": "12",
    "discharge_disposition": "HOM",
    "servicing_facility": "COCRX",
    "account_status": "DIS",
    "admit_date_time": "201609012359",
    "discharge_date_time": "201609061632",
    "consulting_doctor": {
      "person_id": "SIMGI",
      "last_name": "Simoni",
      "first_name": "Gilbert",
      "degree": "MD",
      "identifier_type_code": "XX"
    }
  },
  "0004.TXA": {
    "document_type": {
      "id": "OP",
      "text": "OPERATIVE REPORT"
    },
    "document_content_presentation": "201609260821",
    "activity_date_time": "201609031135",
    "origination_date_time": "201609030000",
    "transcription_date_time": "201609031238",
    "originator_code_name": {
      "person_id": "SIMGI",
      "family_name": "Simoni",
      "given_name": "Gilbert",
      "degree": "MD"
    },
    "transcriptionist_code_name": {
      "person_id": "R.NUANCE",
      "family_name": "TRANSCRIPTON",
      "given_name": "NUANCE"
    },
    "unique_document_num": {
      "entity_id": "G.HI20160903-0071",
      "namespace_id": "3429344GHI"
    },
    "filler_order_num": "G.HI",
    "unique_document_file_name": "OP",
    "document_completion_status": "Signed",
    "authentication_person_time_stamp": {
      "person_id": "SIMGI",
      "family_name": "Simoni",
      "given_name": "Gilbert",
      "degree": "MD",
      "date_time_action_performed": "201609031135"
    }
  },
  "0005.OBX": {
    "set_id": "1",
    "value_type": "TX",
    "obsv_sub_id": "H",
    "obsv_value": " "
  },
  "0006.OBX": {
    "set_id": "2",
    "value_type": "TX",
    "obsv_sub_id": "H",
    "obsv_value": "                              HCA LOS ROBLES HOSPITAL"
  },
  "0007.OBX": {
    "set_id": "3",
    "value_type": "TX",
    "obsv_sub_id": "H",
    "obsv_value": "                                AND MEDICAL CENTER"
  },
  "0008.OBX": {
    "set_id": "4",
    "value_type": "TX",
    "obsv_sub_id": "H",
    "obsv_value": "                              THOUSAND OAKS, CA 91360"
  },
  "0009.OBX": {
    "set_id": "5",
    "value_type": "TX",
    "obsv_sub_id": "H",
    "obsv_value": " "
  },
  "0010.OBX": {
    "set_id": "6",
    "value_type": "TX",
    "obsv_sub_id": "H",
    "obsv_value": "                              REPORT NAME: OPERATIVE REPORT              "
  },
  "0011.OBX": {
    "set_id": "7",
    "value_type": "TX",
    "obsv_sub_id": "H",
    "obsv_value": " "
  },
  "0012.OBX": {
    "set_id": "8",
    "value_type": "TX",
    "obsv_sub_id": "H",
    "obsv_value": "PATIENT'S NAME: GLASSER,ALICE SIBLEY                UNIT NO: G000639972"
  },
  "0013.OBX": {
    "set_id": "9",
    "value_type": "TX",
    "obsv_sub_id": "H",
    "obsv_value": "DOB: 09/19/25  SEX/AGE: F  /90                   ACCOUNT NO: G00219630286"
  },
  "0014.OBX": {
    "set_id": "10",
    "value_type": "TX",
    "obsv_sub_id": "H",
    "obsv_value": "ATTENDING PHYS: Rostami,Mohammadreza MD             PT TYPE: DIS IN  "
  },
  "0015.OBX": {
    "set_id": "11",
    "value_type": "TX",
    "obsv_sub_id": "H",
    "obsv_value": "ADMISSION DATE: 09/01/16                           LOCATION: G.3TELE   "
  },
  "0016.OBX": {
    "set_id": "12",
    "value_type": "TX",
    "obsv_sub_id": "H",
    "obsv_value": "DISCHARGE DATE: 09/06/16"
  },
  "0017.OBX": {
    "set_id": "13",
    "value_type": "TX",
    "obsv_sub_id": "X",
    "obsv_value": " "
  },
  "0018.OBX": {
    "set_id": "14",
    "value_type": "TX",
    "obsv_sub_id": "X",
    "obsv_value": " "
  },
  "0019.OBX": {
    "set_id": "15",
    "value_type": "TX",
    "obsv_value": "DICTATED BY:             Gilbert Simoni, MD "
  },
  "0020.OBX": {
    "set_id": "16",
    "value_type": "TX",
    "obsv_value": "DATE OF SURGERY:         09/03/2016   "
  },
  "0021.OBX": {
    "set_id": "17",
    "value_type": "TX",
    "obsv_value": "SURGEON:                 Gilbert Simoni, MD  "
  },
  "0022.OBX": {
    "set_id": "18",
    "value_type": "TX",
    "obsv_value": " "
  },
  "0023.OBX": {
    "set_id": "19",
    "value_type": "TX",
    "obsv_value": "ENDOSCOPY AND COLONOSCOPY REPORT"
  },
  "0024.OBX": {
    "set_id": "20",
    "value_type": "TX",
    "obsv_value": " "
  },
  "0025.OBX": {
    "set_id": "21",
    "value_type": "TX",
    "obsv_value": "INDICATION FOR PROCEDURE:"
  },
  "0026.OBX": {
    "set_id": "22",
    "value_type": "TX",
    "obsv_value": "GI bleed and anemia as well as abnormal CT of the abdomen."
  },
  "0027.OBX": {
    "set_id": "23",
    "value_type": "TX",
    "obsv_value": " "
  },
  "0028.OBX": {
    "set_id": "24",
    "value_type": "TX",
    "obsv_value": "ANESTHESIOLOGIST:"
  },
  "0029.OBX": {
    "set_id": "25",
    "value_type": "TX",
    "obsv_value": "Richard Hoberman, MD"
  },
  "0030.OBX": {
    "set_id": "26",
    "value_type": "TX",
    "obsv_value": " "
  },
  "0031.OBX": {
    "set_id": "27",
    "value_type": "TX",
    "obsv_value": "AMERICAN SOCIETY OF ANESTHESIOLOGISTS:"
  },
  "0032.OBX": {
    "set_id": "28",
    "value_type": "TX",
    "obsv_value": "Class 3."
  },
  "0033.OBX": {
    "set_id": "29",
    "value_type": "TX",
    "obsv_value": " "
  },
  "0034.OBX": {
    "set_id": "30",
    "value_type": "TX",
    "obsv_value": "TYPE OF ANESTHESIA:"
  },
  "0035.OBX": {
    "set_id": "31",
    "value_type": "TX",
    "obsv_value": "Propofol."
  },
  "0036.OBX": {
    "set_id": "32",
    "value_type": "TX",
    "obsv_value": " "
  },
  "0037.OBX": {
    "set_id": "33",
    "value_type": "TX",
    "obsv_value": "SPECIMEN REMOVED:"
  },
  "0038.OBX": {
    "set_id": "34",
    "value_type": "TX",
    "obsv_value": "None."
  },
  "0039.OBX": {
    "set_id": "35",
    "value_type": "TX",
    "obsv_value": " "
  },
  "0040.OBX": {
    "set_id": "36",
    "value_type": "TX",
    "obsv_value": "ESTIMATED BLOOD LOSS:"
  },
  "0041.OBX": {
    "set_id": "37",
    "value_type": "TX",
    "obsv_value": "Minimal"
  },
  "0042.OBX": {
    "set_id": "38",
    "value_type": "TX",
    "obsv_value": " "
  },
  "0043.OBX": {
    "set_id": "39",
    "value_type": "TX",
    "obsv_value": "PREOPERATIVE DIAGNOSES:"
  },
  "0044.OBX": {
    "set_id": "40",
    "value_type": "TX",
    "obsv_value": "Gastrointestinal bleed and abnormal CT of abdomen."
  },
  "0045.OBX": {
    "set_id": "41",
    "value_type": "TX",
    "obsv_value": " "
  },
  "0046.OBX": {
    "set_id": "42",
    "value_type": "TX",
    "obsv_value": "POSTOPERATIVE DIAGNOSES:"
  },
  "0047.OBX": {
    "set_id": "43",
    "value_type": "TX",
    "obsv_value": "Gastrointestinal bleed and abnormal CT of abdomen plus diverticulosis and blood"
  },
  "0048.OBX": {
    "set_id": "44",
    "value_type": "TX",
    "obsv_value": "in the terminal ileum."
  },
  "0049.OBX": {
    "set_id": "45",
    "value_type": "TX",
    "obsv_value": " "
  },
  "0050.OBX": {
    "set_id": "46",
    "value_type": "TX",
    "obsv_value": "DESCRIPTION OF PROCEDURE:"
  },
  "0051.OBX": {
    "set_id": "47",
    "value_type": "TX",
    "obsv_value": "After informed consent was obtained, risks and benefits of the procedure as well"
  },
  "0052.OBX": {
    "set_id": "48",
    "value_type": "TX",
    "obsv_value": "as possible complications including but not limited to perforation, bleeding,"
  },
  "0053.OBX": {
    "set_id": "49",
    "value_type": "TX",
    "obsv_value": "infection, possible need for immediate surgical intervention, prolonged"
  },
  "0054.OBX": {
    "set_id": "50",
    "value_type": "TX",
    "obsv_value": "hospitalization, cardiopulmonary arrest and death were discussed with the"
  },
  "0055.OBX": {
    "set_id": "51",
    "value_type": "TX",
    "obsv_value": "patient.  The patient was brought into the procedure room.  Informed consent was"
  },
  "0056.OBX": {
    "set_id": "52",
    "value_type": "TX",
    "obsv_value": "confirmed.  The patient was reidentified appropriately and was placed in usual"
  },
  "0057.OBX": {
    "set_id": "53",
    "value_type": "TX",
    "obsv_value": "position for an endoscopy.  Once achieved comfortable level of sedation an"
  },
  "0058.OBX": {
    "set_id": "54",
    "value_type": "TX",
    "obsv_value": "Olympus endoscope was advanced through the mouth, through the esophagus, past"
  },
  "0059.OBX": {
    "set_id": "55",
    "value_type": "TX",
    "obsv_value": "the GE junction into the stomach, past the pyloric channel, first and second"
  },
  "0060.OBX": {
    "set_id": "56",
    "value_type": "TX",
    "obsv_value": "portions of the duodenum, and into the third portion of the duodenum.  Upon"
  },
  "0061.OBX": {
    "set_id": "57",
    "value_type": "TX",
    "obsv_sub_id": "T",
    "obsv_value": " "
  },
  "0062.OBX": {
    "set_id": "58",
    "value_type": "TX",
    "obsv_sub_id": "T",
    "obsv_value": "PATIENT NAME: GLASSER,ALICE SIBLEY                ACCOUNT #: G00219630286"
  },
  "0063.OBX": {
    "set_id": "59",
    "value_type": "TX",
    "obsv_sub_id": "X",
    "obsv_value": " "
  },
  "0064.OBX": {
    "set_id": "60",
    "value_type": "TX",
    "obsv_sub_id": "H",
    "obsv_value": "                              "
  },
  "0065.OBX": {
    "set_id": "61",
    "value_type": "TX",
    "obsv_sub_id": "H",
    "obsv_value": "                    "
  },
  "0066.OBX": {
    "set_id": "62",
    "value_type": "TX",
    "obsv_sub_id": "H",
    "obsv_value": "                         "
  },
  "0067.OBX": {
    "set_id": "63",
    "value_type": "TX",
    "obsv_sub_id": "X",
    "obsv_value": " "
  },
  "0068.OBX": {
    "set_id": "64",
    "value_type": "TX",
    "obsv_sub_id": "X",
    "obsv_value": " "
  },
  "0069.OBX": {
    "set_id": "65",
    "value_type": "TX",
    "obsv_value": "evaluation of upper, middle and lower portion of the esophagus, no significant"
  },
  "0070.OBX": {
    "set_id": "66",
    "value_type": "TX",
    "obsv_value": "abnormalities were noted.  Upon entering the stomach, no bleeding or bleeding"
  },
  "0071.OBX": {
    "set_id": "67",
    "value_type": "TX",
    "obsv_value": "ulcers were noted.  Retroflexion showed a normal lesser curvature of stomach as"
  },
  "0072.OBX": {
    "set_id": "68",
    "value_type": "TX",
    "obsv_value": "well as fundus and cardia.  Upon reaching the antrum, normal incisura and antrum"
  },
  "0073.OBX": {
    "set_id": "69",
    "value_type": "TX",
    "obsv_value": "with adequate pyloric channel was noted without any gastric outlet obstruction. "
  },
  "0074.OBX": {
    "set_id": "70",
    "value_type": "TX",
    "obsv_value": "First, second and third portions of the duodenum were all within normal limits,"
  },
  "0075.OBX": {
    "set_id": "71",
    "value_type": "TX",
    "obsv_value": "without any intrinsic or extrinsic compression or inflammatory changes. "
  },
  "0076.OBX": {
    "set_id": "72",
    "value_type": "TX",
    "obsv_value": "Subsequently, the endoscope was withdrawn, procedure terminated.  The patient"
  },
  "0077.OBX": {
    "set_id": "73",
    "value_type": "TX",
    "obsv_value": "tolerated the procedure well.  The patient was then turned around.  This time,"
  },
  "0078.OBX": {
    "set_id": "74",
    "value_type": "TX",
    "obsv_value": "an Olympus colonoscope was advanced through the rectum throughout the"
  },
  "0079.OBX": {
    "set_id": "75",
    "value_type": "TX",
    "obsv_value": "rectosigmoid, sigmoid, descending, transverse, ascending into the cecum and into"
  },
  "0080.OBX": {
    "set_id": "76",
    "value_type": "TX",
    "obsv_value": "the last 20 cm of the terminal ileum.  There were blood clots as well as maroon"
  },
  "0081.OBX": {
    "set_id": "77",
    "value_type": "TX",
    "obsv_value": "color stool throughout the colon.  There was fresh blood noted in the terminal"
  },
  "0082.OBX": {
    "set_id": "78",
    "value_type": "TX",
    "obsv_value": "ileum.  Extensive diverticulosis were noted throughout the colon without any"
  },
  "0083.OBX": {
    "set_id": "79",
    "value_type": "TX",
    "obsv_value": "evidence of diverticulitis and no overt bleeding from the diverticula. "
  },
  "0084.OBX": {
    "set_id": "80",
    "value_type": "TX",
    "obsv_value": "Retroflexion in the rectum showed internal hemorrhoids, which were not bleeding."
  },
  "0085.OBX": {
    "set_id": "81",
    "value_type": "TX",
    "obsv_value": " The colonoscope was then withdrawn, procedure terminated.  The patient"
  },
  "0086.OBX": {
    "set_id": "82",
    "value_type": "TX",
    "obsv_value": "tolerated the procedure well.  No immediate complications were encountered."
  },
  "0087.OBX": {
    "set_id": "83",
    "value_type": "TX",
    "obsv_value": " "
  },
  "0088.OBX": {
    "set_id": "84",
    "value_type": "TX",
    "obsv_value": "IMPRESSION:"
  },
  "0089.OBX": {
    "set_id": "85",
    "value_type": "TX",
    "obsv_value": "1.  For endoscopy, essentially normal endoscopy."
  },
  "0090.OBX": {
    "set_id": "86",
    "value_type": "TX",
    "obsv_value": "2.  For colonoscopy, blood and blood clots all the way to the terminal ileum,"
  },
  "0091.OBX": {
    "set_id": "87",
    "value_type": "TX",
    "obsv_value": "extensive diverticulosis, and internal and external hemorrhoids."
  },
  "0092.OBX": {
    "set_id": "88",
    "value_type": "TX",
    "obsv_value": " "
  },
  "0093.OBX": {
    "set_id": "89",
    "value_type": "TX",
    "obsv_value": "PLAN:"
  },
  "0094.OBX": {
    "set_id": "90",
    "value_type": "TX",
    "obsv_value": "At this time would be to stay on a clear liquid diet for the time being.  We"
  },
  "0095.OBX": {
    "set_id": "91",
    "value_type": "TX",
    "obsv_value": "will obtain a Meckel scan and if normal, will obtain a small bowel series.  If"
  },
  "0096.OBX": {
    "set_id": "92",
    "value_type": "TX",
    "obsv_value": "patient continues to have anemia or bleeding, we will need a wireless capsule"
  },
  "0097.OBX": {
    "set_id": "93",
    "value_type": "TX",
    "obsv_value": "endoscopy which is not available here, we would have to have that done as an"
  },
  "0098.OBX": {
    "set_id": "94",
    "value_type": "TX",
    "obsv_value": "outpatient in my office upon discharge."
  },
  "0099.OBX": {
    "set_id": "95",
    "value_type": "TX",
    "obsv_value": " "
  },
  "0100.OBX": {
    "set_id": "96",
    "value_type": "TX",
    "obsv_value": "Dictated By: Gilbert Simoni, MD"
  },
  "0101.OBX": {
    "set_id": "97",
    "value_type": "TX",
    "obsv_value": " "
  },
  "0102.OBX": {
    "set_id": "98",
    "value_type": "TX",
    "obsv_value": "DD: 09/03/2016 11:35:37"
  },
  "0103.OBX": {
    "set_id": "99",
    "value_type": "TX",
    "obsv_value": "DT: 09/03/2016 12:38:42 "
  },
  "0104.OBX": {
    "set_id": "100",
    "value_type": "TX",
    "obsv_value": "Document ID:  3429344 / Confirmation#: 226537 "
  },
  "0105.OBX": {
    "set_id": "101",
    "value_type": "TX",
    "obsv_value": "Authenticated by Gilbert Simoni On 09/26/2016 10:13:34 AM "
  },
  "0106.OBX": {
    "set_id": "102",
    "value_type": "TX",
    "obsv_sub_id": "X",
    "obsv_value": " "
  },
  "0107.OBX": {
    "set_id": "103",
    "value_type": "TX",
    "obsv_sub_id": "X",
    "obsv_value": " "
  },
  "0108.OBX": {
    "set_id": "104",
    "value_type": "TX",
    "obsv_sub_id": "X",
    "obsv_value": " "
  },
  "0109.OBX": {
    "set_id": "105",
    "value_type": "TX",
    "obsv_sub_id": "X",
    "obsv_value": " "
  },
  "0110.OBX": {
    "set_id": "106",
    "value_type": "TX",
    "obsv_sub_id": "X",
    "obsv_value": " "
  },
  "0111.OBX": {
    "set_id": "107",
    "value_type": "TX",
    "obsv_sub_id": "X",
    "obsv_value": "Electronically Signed by Gilbert Simoni, MD for Gilbert Simoni, MD on 09/26/16 a"
  },
  "0112.OBX": {
    "set_id": "108",
    "value_type": "TX",
    "obsv_sub_id": "X",
    "obsv_value": " "
  },
  "0113.OBX": {
    "set_id": "109",
    "value_type": "TX",
    "obsv_sub_id": "X",
    "obsv_value": " "
  },
  "0114.OBX": {
    "set_id": "110",
    "value_type": "TX",
    "obsv_sub_id": "X",
    "obsv_value": " "
  },
  "0115.OBX": {
    "set_id": "111",
    "value_type": "TX",
    "obsv_sub_id": "X",
    "obsv_value": " "
  },
  "0116.OBX": {
    "set_id": "112",
    "value_type": "TX",
    "obsv_sub_id": "X",
    "obsv_value": " "
  },
  "0117.OBX": {
    "set_id": "113",
    "value_type": "TX",
    "obsv_sub_id": "X",
    "obsv_value": " "
  },
  "0118.OBX": {
    "set_id": "114",
    "value_type": "TX",
    "obsv_sub_id": "X",
    "obsv_value": " "
  },
  "0119.OBX": {
    "set_id": "115",
    "value_type": "TX",
    "obsv_sub_id": "X",
    "obsv_value": " "
  },
  "0120.OBX": {
    "set_id": "116",
    "value_type": "TX",
    "obsv_sub_id": "T",
    "obsv_value": " "
  },
  "0121.OBX": {
    "set_id": "117",
    "value_type": "TX",
    "obsv_sub_id": "T",
    "obsv_value": "PATIENT NAME: GLASSER,ALICE SIBLEY                ACCOUNT #: G00219630286"
  }
}