{
  "0000.COMN": {
    "sending_facility": "HHAH",
    "message_control_id": "EPIC_HHAH_MDM_7F774_88C_0_FA8A",
    "medical_record_num": "",
    "medical_record_urn": "2000001043",
    "patient_account_num": ""
  },
  "0001.MSH": {
    "field_separator": "|",
    "encoding_characters": "^~\\&",
    "sending_application": "EPIC_HHAH",
    "sending_facility": "HHAH",
    "receiving_application": "DBM",
    "receiving_facility": null,
    "date_time_of_message": "20160808115218",
    "security": "AMBCARDNTSTAFF",
    "message_type": {
      "message_code": "MDM",
      "trigger_event": "T02"
    },
    "message_control_id": "EPIC_HHAH_MDM_7F774_88C_0_FA8A",
    "processing_id": "D",
    "version_id": "2.5",
    "sequence_num": null,
    "continuation_pointer": "Epic_CWDVQA"
  },
  "0002.EVN": {
    "event_type_code": "T02",
    "recorded_date_time": "20160808115211",
    "date_time_planned_event": null,
    "event_reason_code": "UPDATE_NOTE",
    "operator_id": {
      "person_id": "AMBCARDNTSTAFF",
      "family_name": "AMBULATORY",
      "given_name": "CARDIANT",
      "second_and_further_given_names_or_initials_thereof": "CLINICAL STAFF",
      "suffix": null,
      "prefix": null,
      "degree": null,
      "source_table": null,
      "assigning_authority": "AH",
      "name_type_code": null,
      "id_check_digit": null,
      "check_digit_scheme": null,
      "id_type_code": null,
      "assigning_facility": "HHAH"
    }
  },
  "0003.PID": {
    "set_id": null,
    "patient_id": null,
    "patient_id_list": null,
    "alternate_patient_id": "2000001043",
    "patient_name": {
      "family_name": "CADENCE",
      "given_name": "BANE"
    },
    "mother_maiden_name": null,
    "date_time_of_birth": "19600525",
    "administrative_sex": "M",
    "patient_alias": null,
    "race": "W",
    "patient_address": {
      "street_address": "1234 GOTHAM CITY STREET",
      "other_designation": null,
      "city": "AUSTIN",
      "state_or_province": "TX",
      "zip_or_postal_code": "78757",
      "country": "USA",
      "address_type": "P",
      "other_geographic_designation": null,
      "county_parish_code": "TRAVIS"
    },
    "county_code": "TRAVIS",
    "phone_num_home": {
      "telephone_num": "(512)687-5309",
      "telecommunication_use_code": "P",
      "telecommunication_equipment_type": "H"
    },
    "phone_num_business": null,
    "primary_language": "ENGLISH",
    "marital_status": "M",
    "religion": null,
    "patient_account_num": null,
    "ssn_num_patient": "000-00-0000",
    "driver_license_num": null,
    "mother_id": null,
    "ethnic_group": "NOT HISPANIC",
    "birth_place": null,
    "multiple_birth_indicator": null,
    "birth_order": null,
    "citizenship": null,
    "veterans_military_status": null,
    "nationality": null,
    "patient_death_date_and_time": null,
    "patient_death_indicator": "N"
  },
  "0004.PD1": {
    "living_dependency": null,
    "living_arrangement": null,
    "patient_primary_facility": {
      "organization_name": "TCA AUSTIN",
      "organization_name_type_code": null,
      "id_num": "90000017"
    }
  },
  "0005.PV1": {
    "set_id": null,
    "patient_class": "O",
    "assigned_patient_location": {
      "point_of_care": "AHHHMO",
      "room": null,
      "bed": null,
      "facility": "HHAH",
      "location_status": null,
      "person_location_type": null,
      "building": null,
      "floor": null,
      "location_description": null,
      "comprehensive_location_id": null,
      "assigning_authority_for_location": null
    },
    "admission_type": null,
    "pre_admit_num": null,
    "prior_patient_location": null,
    "attending_doctor": [
      {
        "person_id": "ABRD",
        "family_name": "ABRAMS",
        "given_name": "DAVID",
        "second_and_further_given_names_or_initials_thereof": null,
        "suffix": null,
        "prefix": null,
        "degree": null,
        "source_table": null,
        "assigning_authority": "PROVID",
        "name_type_code": null,
        "id_check_digit": null,
        "check_digit_scheme": null,
        "id_type_code": "PROVID"
      },
      {
        "person_id": "MYE9244",
        "family_name": "ABRAMS",
        "given_name": "DAVID",
        "second_and_further_given_names_or_initials_thereof": null,
        "suffix": null,
        "prefix": null,
        "degree": null,
        "source_table": null,
        "assigning_authority": "THREEFOUR",
        "name_type_code": null,
        "id_check_digit": null,
        "check_digit_scheme": null,
        "id_type_code": "THREEFOUR"
      }
    ],
    "referring_doctor": null,
    "consulting_doctor": null,
    "hospital_service": null,
    "temporary_location": null,
    "pre_admit_test_indicator": null,
    "readmission_indicator": null,
    "admit_source": null,
    "ambulatory_status": null,
    "vip_indicator": null,
    "admitting_doctor": null,
    "patient_type": null,
    "visit_num": "10087186"
  },
  "0006.TXA": {
    "set_id": "1",
    "document_type": {
      "id": "Regulatory N",
      "text": "Regulatory Note"
    },
    "document_content_presentation": "TX",
    "activity_date_time": "20160808115029",
    "primary_activity_provider_code_name": null,
    "origination_date_time": "20160808115029",
    "transcription_date_time": null,
    "edit_date_time": "20160808115029",
    "originator_code_name": null,
    "assigned_document_authenticator": null,
    "transcriptionist_code_name": null,
    "unique_document_num": "159188",
    "parent_document_num": null,
    "placer_order_num": null,
    "filler_order_num": null,
    "unique_document_file_name": null,
    "document_completion_status": "IP",
    "document_confidentiality_status": null,
    "document_availability_status": "UN"
  },
  "0007.OBX": {
    "set_id": "1",
    "value_type": "TX",
    "obsv_id": {
      "id": "85200",
      "text": "Transcription Authentication Interface Message Text"
    },
    "obsv_sub_id": "1",
    "obsv_value": "Influenza immunization was not given due to medical contraindication.~~~",
    "units": null,
    "references_range": null,
    "interpretation_codes": null,
    "probability": null,
    "nature_of_abnormal_test": null,
    "obsv_result_status": "F"
  }
}