{
  "0000.COMN": {
    "sending_facility": "COCDL",
    "message_control_id": "MT_COCDL_MDM_DLDPTO.1.5300690",
    "medical_record_num": "H001568942",
    "medical_record_urn": "H1223688",
    "patient_account_num": "H00732730634"
  },
  "0001.MSH": {
    "field_separator": "|",
    "encoding_characters": "^~\\&",
    "sending_facility": "COCDL",
    "date_time_of_message": "201609261021",
    "message_type": {
      "message_code": "MDM",
      "trigger_event": "T04"
    },
    "message_control_id": "MT_COCDL_MDM_DLDPTO.1.5300690",
    "processing_id": "P",
    "version_id": "2.1"
  },
  "0002.PID": {
    "set_id": "1",
    "medical_record_num": "H001568942",
    "medical_record_urn": "H1223688",
    "patient_name": {
      "family_name": "BRADSHAW",
      "given_name": "BABY",
      "second_and_further_given_names_or_initials_thereof": "GIRL"
    },
    "date_time_of_birth": "20160919",
    "administrative_sex": "F",
    "patient_alias": {
      "type_code": "M"
    },
    "race": "W",
    "patient_address": {
      "street_address": "205 TRAIL VIEW LN",
      "city": "GARLAND",
      "state_or_province": "TX",
      "zip_or_postal_code": "75043"
    },
    "county_code": "DAL",
    "phone_num_home": "469-994-7311",
    "phone_num_business": ".",
    "marital_status": "S",
    "religion": "NPR",
    "patient_account_num": "H00732730634",
    "ssn_num_patient": "000-00-0000"
  },
  "0003.PV1": {
    "set_id": "1",
    "patient_class": "I",
    "assigned_patient_location": {
      "point_of_care": "H.NICU",
      "room": "H.470N",
      "bed": "2"
    },
    "admission_type": "UR",
    "attending_doctor": {
      "person_id": "KIMLI",
      "family_name": "Knox",
      "given_name": "Linda",
      "second_and_further_given_names_or_initials_thereof": "Jane",
      "degree": "MD",
      "id_type_code": "XX"
    },
    "referring_doctor": {
      "person_id": "NYSGE",
      "family_name": "Nystrom",
      "given_name": "Gerald",
      "second_and_further_given_names_or_initials_thereof": "A",
      "degree": "MD",
      "id_type_code": "XX"
    },
    "primary_care_doctor": {
      "person_id": "NYSGE",
      "last_name": "Nystrom",
      "first_name": "Gerald",
      "middle_name": "A",
      "degree": "MD",
      "identifier_type_code": "XX"
    },
    "hospital_service": "NIC",
    "admit_source": "TFR",
    "admitting_doctor": {
      "person_id": "KIMLI",
      "family_name": "Knox",
      "given_name": "Linda",
      "second_and_further_given_names_or_initials_thereof": "Jane",
      "degree": "MD",
      "id_type_code": "XX"
    },
    "patient_type": "IN",
    "financial_class": "99",
    "servicing_facility": "COCDL",
    "account_status": "ADM",
    "admit_date_time": "201609190454",
    "consulting_doctor": {
      "person_id": "EHRST",
      "last_name": "Ehrett",
      "first_name": "Stuart",
      "middle_name": "W",
      "degree": "MD",
      "identifier_type_code": "XX"
    }
  },
  "0004.TXA": {
    "document_type": {
      "id": "PDPNCUSCN",
      "text": "Clinical Note"
    },
    "document_content_presentation": "201609261021",
    "activity_date_time": "201609260607",
    "origination_date_time": "201609260607",
    "transcription_date_time": "201609260607",
    "originator_code_name": {
      "person_id": "GARCA03",
      "family_name": "Garcia",
      "given_name": "Carla",
      "second_and_further_given_names_or_initials_thereof": "G",
      "degree": "MD"
    },
    "transcriptionist_code_name": {
      "person_id": "H.PHY.CG",
      "family_name": "Garcia",
      "given_name": "Carla",
      "degree": "MD"
    },
    "unique_document_num": "BA.PDOC20160926-0043",
    "filler_order_num": "BA.PDOC",
    "unique_document_file_name": "PDPNCUSCN",
    "document_completion_status": "Draft",
    "authentication_person_time_stamp": {
      "person_id": "GARCA03",
      "family_name": "Garcia",
      "given_name": "Carla",
      "second_and_further_given_names_or_initials_thereof": "G",
      "degree": "MD",
      "date_time_action_performed": "201609260607"
    }
  },
  "0005.OBX": {
    "set_id": "1",
    "value_type": "TX",
    "obsv_value": " "
  },
  "0006.OBX": {
    "set_id": "2",
    "value_type": "TX",
    "obsv_value": "MEDICAL CITY DALLAS HOSPITAL(COCDL)             MEDICAL CITY CHILDRENS HOSPITAL"
  },
  "0007.OBX": {
    "set_id": "3",
    "value_type": "TX",
    "obsv_value": "Clinical Note"
  },
  "0008.OBX": {
    "set_id": "4",
    "value_type": "TX",
    "obsv_value": "REPORT#:0926-0043   REPORT STATUS:Draft"
  },
  "0009.OBX": {
    "set_id": "5",
    "value_type": "TX",
    "obsv_value": "DATE:09/26/16  TIME:0607"
  },
  "0010.OBX": {
    "set_id": "6",
    "value_type": "TX",
    "obsv_value": "  "
  },
  "0011.OBX": {
    "set_id": "7",
    "value_type": "TX",
    "obsv_value": "PATIENT: BRADSHAW,BABY GIRL             UNIT #: H001568942"
  },
  "0012.OBX": {
    "set_id": "8",
    "value_type": "TX",
    "obsv_value": "ACCOUNT#: H00732730634                  ROOM/BED: H.470N-2"
  },
  "0013.OBX": {
    "set_id": "9",
    "value_type": "TX",
    "obsv_value": "DOB: 09/19/16  AGE: 00M 07D SEX: F      ATTEND: Knox,Linda Jane  MD"
  },
  "0014.OBX": {
    "set_id": "10",
    "value_type": "TX",
    "obsv_value": "ADM DT: 09/19/16                        AUTHOR: Garcia,Carla G  MD"
  },
  "0015.OBX": {
    "set_id": "11",
    "value_type": "TX",
    "obsv_value": "REP SRV DT: 09/26/16                    REP SRV TM: 0607"
  },
  "0016.OBX": {
    "set_id": "12",
    "value_type": "TX",
    "obsv_value": "* ALL edits or amendments must be made on the electronic/computer document *"
  },
  "0017.OBX": {
    "set_id": "13",
    "value_type": "TX",
    "obsv_value": " "
  },
  "0018.OBX": {
    "set_id": "14",
    "value_type": "TX",
    "obsv_value": " "
  },
  "0019.OBX": {
    "set_id": "15",
    "value_type": "TX",
    "obsv_value": "Clinical Note"
  },
  "0020.OBX": {
    "set_id": "16",
    "value_type": "TX",
    "obsv_value": "Note:"
  },
  "0021.OBX": {
    "set_id": "17",
    "value_type": "TX",
    "obsv_value": "Pediatric Infectious Diseases Critical Care Services (seen @ 0810)  "
  },
  "0022.OBX": {
    "set_id": "18",
    "value_type": "TX",
    "obsv_value": "Chart/notes, clinical lab tests,   imaging tests reviewed comprehensively. "
  },
  "0023.OBX": {
    "set_id": "19",
    "value_type": "TX",
    "obsv_value": "Clinical summary flowchart prepared and analyzed. Pertinent findings recorded."
  },
  "0024.OBX": {
    "set_id": "20",
    "value_type": "TX",
    "obsv_value": "Discussed with: ICN-team Dr Schwendeman"
  },
  "0025.OBX": {
    "set_id": "21",
    "value_type": "TX",
    "obsv_value": "Antibiotics: cefotaxime (s/p ampicillin/gentamicin)"
  },
  "0026.OBX": {
    "set_id": "22",
    "value_type": "TX",
    "obsv_value": " "
  },
  "0027.OBX": {
    "set_id": "23",
    "value_type": "TX",
    "obsv_value": "Subjective:"
  },
  "0028.OBX": {
    "set_id": "24",
    "value_type": "TX",
    "obsv_value": " "
  },
  "0029.OBX": {
    "set_id": "25",
    "value_type": "TX",
    "obsv_value": "CC: Sepsis"
  },
  "0030.OBX": {
    "set_id": "26",
    "value_type": "TX",
    "obsv_value": "Interval HPI: no significant change from visit on 9/25 except as noted: NSC"
  },
  "0031.OBX": {
    "set_id": "27",
    "value_type": "TX",
    "obsv_value": " "
  },
  "0032.OBX": {
    "set_id": "28",
    "value_type": "TX",
    "obsv_value": "Interval ROS: no significant change from visit on 9/25 except as noted: NSC"
  },
  "0033.OBX": {
    "set_id": "29",
    "value_type": "TX",
    "obsv_value": " "
  },
  "0034.OBX": {
    "set_id": "30",
    "value_type": "TX",
    "obsv_value": "Objective:"
  },
  "0035.OBX": {
    "set_id": "31",
    "value_type": "TX",
    "obsv_value": " "
  },
  "0036.OBX": {
    "set_id": "32",
    "value_type": "TX",
    "obsv_value": "PE: Insofar as exam feasible, no signif. change from visit on 9/25 except as "
  },
  "0037.OBX": {
    "set_id": "33",
    "value_type": "TX",
    "obsv_value": "noted: NSC"
  },
  "0038.OBX": {
    "set_id": "34",
    "value_type": "TX",
    "obsv_value": "(complete exam components on file @ PID Assoc, PA)"
  },
  "0039.OBX": {
    "set_id": "35",
    "value_type": "TX",
    "obsv_value": " "
  },
  "0040.OBX": {
    "set_id": "36",
    "value_type": "TX",
    "obsv_value": "VS:  See flowsheet: CPAP"
  },
  "0041.OBX": {
    "set_id": "37",
    "value_type": "TX",
    "obsv_value": "Constitutional:General:                  "
  },
  "0042.OBX": {
    "set_id": "38",
    "value_type": "TX",
    "obsv_value": "Eyes: (incl conj; lids; pupil; iris)         "
  },
  "0043.OBX": {
    "set_id": "39",
    "value_type": "TX",
    "obsv_value": "ENT: (incl ext ears; nose; OP; mouth)      "
  },
  "0044.OBX": {
    "set_id": "40",
    "value_type": "TX",
    "obsv_value": "Neck: (incl neck; thyroid)             "
  },
  "0045.OBX": {
    "set_id": "41",
    "value_type": "TX",
    "obsv_value": "Resp: (incl effort; perc; palp; ausc)         "
  },
  "0046.OBX": {
    "set_id": "42",
    "value_type": "TX",
    "obsv_value": "CV: (incl palp; ausc)               "
  },
  "0047.OBX": {
    "set_id": "43",
    "value_type": "TX",
    "obsv_value": "Abd: (incl mass; pain; L/S; hernia) soft         "
  },
  "0048.OBX": {
    "set_id": "44",
    "value_type": "TX",
    "obsv_value": "GU: (incl ext genitalia; bladder)            "
  },
  "0049.OBX": {
    "set_id": "45",
    "value_type": "TX",
    "obsv_value": "Lymphatic: (incl neck; axillae; groin)         "
  },
  "0050.OBX": {
    "set_id": "46",
    "value_type": "TX",
    "obsv_value": "Musculoskeletal: (inspect; palp; ROM)      "
  },
  "0051.OBX": {
    "set_id": "47",
    "value_type": "TX",
    "obsv_value": "Skin: (incl inspect; palp)             "
  },
  "0052.OBX": {
    "set_id": "48",
    "value_type": "TX",
    "obsv_value": "Neuro: (incl DTR; mental status; tone; motor)   "
  },
  "0053.OBX": {
    "set_id": "49",
    "value_type": "TX",
    "obsv_value": "   "
  },
  "0054.OBX": {
    "set_id": "50",
    "value_type": "TX",
    "obsv_value": "Pertinent lab, culture, imaging and other results:   "
  },
  "0055.OBX": {
    "set_id": "51",
    "value_type": "TX",
    "obsv_value": " "
  },
  "0056.OBX": {
    "set_id": "52",
    "value_type": "TX",
    "obsv_value": "9/26: WBC 40,800 (P67 B3); Plt 347K; Cr 0.32"
  },
  "0057.OBX": {
    "set_id": "53",
    "value_type": "TX",
    "obsv_value": "9/25: WBC 50,900 (P82 B5); Plt 322K; Cr 0.5; KUB: no pneumatosis"
  },
  "0058.OBX": {
    "set_id": "54",
    "value_type": "TX",
    "obsv_value": "9/24: WBC 51,600 (P69 B7); Plt 307K; Cr 0.7"
  },
  "0059.OBX": {
    "set_id": "55",
    "value_type": "TX",
    "obsv_value": "9/23: WBC 47,900 (P56 B10 immature 4); Plt 304K; Cr 0.7; CRP <0.29"
  },
  "0060.OBX": {
    "set_id": "56",
    "value_type": "TX",
    "obsv_value": "9/22: WBC 39,100 (P61); Plt 259K; gent P 13.9; "
  },
  "0061.OBX": {
    "set_id": "57",
    "value_type": "TX",
    "obsv_value": "9/21: WBC 37,200 (P54 B12 immature 6); Plt 206K; "
  },
  "0062.OBX": {
    "set_id": "58",
    "value_type": "TX",
    "obsv_value": "9/20: WBC 30,200 (P63 B10 immature 3); Plt 167K; CSF TNC 6 prot 165 gluc 69; "
  },
  "0063.OBX": {
    "set_id": "59",
    "value_type": "TX",
    "obsv_value": "gram stain: no org, CSF cx-NGSF; BC-NGSF"
  },
  "0064.OBX": {
    "set_id": "60",
    "value_type": "TX",
    "obsv_value": "9/19: WBC 21,700 (P74 B1); Plt 146K; RPR NR; UDS: opiates/amphetamines"
  },
  "0065.OBX": {
    "set_id": "61",
    "value_type": "TX",
    "obsv_value": " "
  },
  "0066.OBX": {
    "set_id": "62",
    "value_type": "TX",
    "obsv_value": "OSH BC 9/19: Haemophilus influenzae (betalactamase negative)/Bacillus sp (later "
  },
  "0067.OBX": {
    "set_id": "63",
    "value_type": "TX",
    "obsv_value": "likely a contaminant) "
  },
  "0068.OBX": {
    "set_id": "64",
    "value_type": "TX",
    "obsv_value": " "
  },
  "0069.OBX": {
    "set_id": "65",
    "value_type": "TX",
    "obsv_value": "Assessment:"
  },
  "0070.OBX": {
    "set_id": "66",
    "value_type": "TX",
    "obsv_value": " "
  },
  "0071.OBX": {
    "set_id": "67",
    "value_type": "TX",
    "obsv_value": "1. Neonatal sepsis/bacteremia: H influenzae"
  },
  "0072.OBX": {
    "set_id": "68",
    "value_type": "TX",
    "obsv_value": "2. Leukocytosis-possibly reactive/bandemia/left shift"
  },
  "0073.OBX": {
    "set_id": "69",
    "value_type": "TX",
    "obsv_value": "3. Maternal drug use"
  },
  "0074.OBX": {
    "set_id": "70",
    "value_type": "TX",
    "obsv_value": "4. Prematurity"
  },
  "0075.OBX": {
    "set_id": "71",
    "value_type": "TX",
    "obsv_value": " "
  },
  "0076.OBX": {
    "set_id": "72",
    "value_type": "TX",
    "obsv_value": "Plan/Recommendations:"
  },
  "0077.OBX": {
    "set_id": "73",
    "value_type": "TX",
    "obsv_value": " "
  },
  "0078.OBX": {
    "set_id": "74",
    "value_type": "TX",
    "obsv_value": "Specific:"
  },
  "0079.OBX": {
    "set_id": "75",
    "value_type": "TX",
    "obsv_value": "1. Continue cefotaxime (would treat for 10 days depending on clinical course)."
  },
  "0080.OBX": {
    "set_id": "76",
    "value_type": "TX",
    "obsv_value": "2. Monitor clinically, CBC/CRP"
  },
  "0081.OBX": {
    "set_id": "77",
    "value_type": "TX",
    "obsv_value": " "
  },
  "0082.OBX": {
    "set_id": "78",
    "value_type": "TX",
    "obsv_value": "General:"
  },
  "0083.OBX": {
    "set_id": "79",
    "value_type": "TX",
    "obsv_value": "1. If the patient s condition deteriorates, please call to discuss management."
  },
  "0084.OBX": {
    "set_id": "80",
    "value_type": "TX",
    "obsv_value": "2. Observe carefully for new or evolving findings."
  },
  "0085.OBX": {
    "set_id": "81",
    "value_type": "TX",
    "obsv_value": "3. Follow pending micro studies."
  },
  "0086.OBX": {
    "set_id": "82",
    "value_type": "TX",
    "obsv_value": "4. If renal function changes, may need to adjust antimicrobial doses."
  },
  "0087.OBX": {
    "set_id": "83",
    "value_type": "TX",
    "obsv_value": "5. Infection control management, including isolation procedures, per hospital"
  },
  "0088.OBX": {
    "set_id": "84",
    "value_type": "TX",
    "obsv_value": "    infection control department."
  },
  "0089.OBX": {
    "set_id": "85",
    "value_type": "TX",
    "obsv_value": " "
  },
  "0090.OBX": {
    "set_id": "86",
    "value_type": "TX",
    "obsv_value": "Treatment provided for \"vital organ failure\" and/or \"prevention of further life-"
  },
  "0091.OBX": {
    "set_id": "87",
    "value_type": "TX",
    "obsv_value": "threatening deterioration of the patient s condition\". Treatment required highly"
  },
  "0092.OBX": {
    "set_id": "88",
    "value_type": "TX",
    "obsv_value": "complex level of decision-making. Patient is at high risk of significant "
  },
  "0093.OBX": {
    "set_id": "89",
    "value_type": "TX",
    "obsv_value": "complications  /or morbidity/mortality. Total critical care time spent: 30 min. "
  },
  "0094.OBX": {
    "set_id": "90",
    "value_type": "TX",
    "obsv_value": "No other physician nor NPP provided concurrent critical care services during "
  },
  "0095.OBX": {
    "set_id": "91",
    "value_type": "TX",
    "obsv_value": "this time."
  },
  "0096.OBX": {
    "set_id": "92",
    "value_type": "TX",
    "obsv_value": " "
  },
  "0097.OBX": {
    "set_id": "93",
    "value_type": "TX",
    "obsv_value": "  "
  },
  "0098.OBX": {
    "set_id": "94",
    "value_type": "TX",
    "obsv_value": "RPT #: 0926-0043"
  },
  "0099.OBX": {
    "set_id": "95",
    "value_type": "TX",
    "obsv_value": "***END OF REPORT***"
  },
  "0100.OBX": {
    "set_id": "96",
    "value_type": "TX",
    "obsv_value": "  "
  },
  "0101.OBX": {
    "set_id": "97",
    "value_type": "TX",
    "obsv_value": "  "
  }
}