{
  "0000.COMN": {
    "msh_sending_facility": "MSLP",
    "msh_msg_control_id": "EPIC_MSLP_ADT_233590",
    "pid_medical_record_num": "",
    "pid_medical_record_urn": "2258031",
    "pid_pat_account_num": "100001421"
  },
  "0001.MSH": {
    "msh_field_separator": "|",
    "msh_encoding_character": "^~\\&",
    "msh_sending_appl": "EPIC_MSLP",
    "msh_sending_facility": "MSLP",
    "msh_receiving_appl": "DBM",
    "msh_msg_create_date_time": "20160808170453",
    "msh_security": "BSV5218",
    "msh_msg_type": {
      "message_code": "ADT",
      "trigger_event": "A02"
    },
    "msh_msg_control_id": "EPIC_MSLP_ADT_233590",
    "msh_processing_id": "D",
    "msh_version_id": "2.5",
    "msh_continuation_pointer": "Epic_MountainQA",
    "msh_msg_profile_id": "UTA"
  },
  "0002.EVN": {
    "evn_evnt_type": "A02",
    "evn_recorded_date_time": "20160808170452",
    "evn_evnt_resn_code": "ADT_EVENT",
    "evn_oper_id": {
      "person_id": "BSV5218",
      "last_name": "FITISEMANU",
      "first_name": "JENNIFER",
      "assgn_authr": "MTNUT",
      "assgn_facility": "MSLP"
    },
    "evn_evnt_occurred": "20160808152400"
  },
  "0003.PID": {
    "pid_set_id": "1",
    "pid_alt_pat_id": "2258031",
    "pid_pat_name": {
      "last_name": "DIVSINT",
      "first_name": "TWO",
      "middle_name": "THERAPYTWO"
    },
    "pid_birth_date_time": "19610728",
    "pid_sex": "M",
    "pid_race": "W",
    "pid_pat_address": {
      "street_address1": "123 SINKERBALL RD",
      "city": "BLUFFDALE",
      "state_province": "UT",
      "zip_postal_code": "84065",
      "country": "USA",
      "address_type": "P",
      "county_parish_code": "SALT LAKE"
    },
    "pid_county_code": "SALT LAKE",
    "pid_home_phone_num": {
      "formatted_num": "(801)263-1673",
      "use_code": "P",
      "equipment_type": "H",
      "area_city_code": "801",
      "local_number": "2631673"
    },
    "pid_primary_language": "ENGLISH",
    "pid_marital_status": "M",
    "pid_religion": "LDS",
    "pid_pat_account_num": "100001421",
    "pid_pat_social_security_num": "777-77-7777",
    "pid_ethnic_group": "NOT HISPANIC",
    "pid_pat_death_ind": "N"
  },
  "0004.ZPD": {
    "zpd_pregnancy_flag": "N"
  },
  "0005.PD1": {
    "pd1_patient_prim_facility": {
      "org_name": "ST. MARK'S HOSPITAL",
      "identifier_num": "10001001"
    },
    "pd1_prim_care_provider": [
      {
        "person_id": "1508881640",
        "last_name": "KUO",
        "first_name": "DAVID",
        "assgn_authr": "NPI",
        "identifier_type_code": "NPI"
      },
      {
        "person_id": "KUODA",
        "last_name": "KUO",
        "first_name": "DAVID",
        "assgn_authr": "PROVID",
        "identifier_type_code": "PROVID"
      },
      {
        "person_id": "RYI9897",
        "last_name": "KUO",
        "first_name": "DAVID",
        "assgn_authr": "THREEFOUR",
        "identifier_type_code": "THREEFOUR"
      }
    ]
  },
  "0006.PV1": {
    "pv1_set_id": "1",
    "pv1_pat_classification": "O",
    "pv1_assgn_pat_loc": {
      "point_of_care": "MSLPMDSG",
      "room": "LP.M417",
      "bed": "LP.M417A",
      "facility": "MSLP"
    },
    "pv1_adm_type": "L",
    "pv1_prior_pat_loc": {
      "point_of_care": "MSLPICU",
      "room": "LP.M413",
      "bed": "LP.M413A",
      "facility": "MSLP"
    },
    "pv1_attending_doctor": [
      {
        "person_id": "1100199995",
        "last_name": "INPATIENT",
        "first_name": "ATTENDING",
        "middle_name": "PHYSICIAN",
        "assgn_authr": "NPI",
        "identifier_type_code": "NPI"
      },
      {
        "person_id": "20001",
        "last_name": "INPATIENT",
        "first_name": "ATTENDING",
        "middle_name": "PHYSICIAN",
        "assgn_authr": "PROVID",
        "identifier_type_code": "PROVID"
      },
      {
        "person_id": "ABC1231",
        "last_name": "INPATIENT",
        "first_name": "ATTENDING",
        "middle_name": "PHYSICIAN",
        "assgn_authr": "THREEFOUR",
        "identifier_type_code": "THREEFOUR"
      }
    ],
    "pv1_referring_doctor": [
      {
        "person_id": "1508881640",
        "last_name": "KUO",
        "first_name": "DAVID",
        "assgn_authr": "NPI",
        "identifier_type_code": "NPI"
      },
      {
        "person_id": "KUODA",
        "last_name": "KUO",
        "first_name": "DAVID",
        "assgn_authr": "PROVID",
        "identifier_type_code": "PROVID"
      },
      {
        "person_id": "RYI9897",
        "last_name": "KUO",
        "first_name": "DAVID",
        "assgn_authr": "THREEFOUR",
        "identifier_type_code": "THREEFOUR"
      }
    ],
    "pv1_hospital_service": "IV",
    "pv1_adm_source": "2",
    "pv1_vip_ind": "n",
    "pv1_admitting_doctor": [
      {
        "person_id": "1100199995",
        "last_name": "INPATIENT",
        "first_name": "ATTENDING",
        "middle_name": "PHYSICIAN",
        "assgn_authr": "NPI",
        "identifier_type_code": "NPI"
      },
      {
        "person_id": "20001",
        "last_name": "INPATIENT",
        "first_name": "ATTENDING",
        "middle_name": "PHYSICIAN",
        "assgn_authr": "PROVID",
        "identifier_type_code": "PROVID"
      },
      {
        "person_id": "ABC1231",
        "last_name": "INPATIENT",
        "first_name": "ATTENDING",
        "middle_name": "PHYSICIAN",
        "assgn_authr": "THREEFOUR",
        "identifier_type_code": "THREEFOUR"
      }
    ],
    "pv1_visit_num": "10136580",
    "pv1_financial_classification": "99",
    "pv1_account_status": {
      "primary_id": "Adm",
      "text": "Conf"
    },
    "pv1_adm_date_time": "20160803095900",
    "pv1_alternate_visit_id": "10136580"
  },
  "0007.PV2": {
    "pv2_accommodation_code": "SC",
    "pv2_expected_adm_date_time": "20160803095800",
    "pv2_visit_publicity_code": "n",
    "pv2_visit_protection_ind": "N"
  },
  "0008.ZPV": {
    "zpv_first_outpatient_occurence_date_time": "20160803095900"
  },
  "0009.OBX": {
    "obx_set_id": "1",
    "obx_value_type": "NM",
    "obx_observation_id": {
      "primary_id": "HT",
      "text": "HEIGHT"
    },
    "obx_observation_value": "5' 5\"",
    "obx_unit": "ft",
    "obx_observation_date_time": "20160803"
  },
  "0010.OBX": {
    "obx_set_id": "2",
    "obx_value_type": "NM",
    "obx_observation_id": {
      "primary_id": "WT",
      "text": "WEIGHT"
    },
    "obx_observation_value": "2574.97",
    "obx_unit": "oz",
    "obx_observation_date_time": "20160803"
  },
  "0011.OBX": {
    "obx_set_id": "3",
    "obx_value_type": "TX",
    "obx_observation_id": {
      "primary_id": "ADMSRCDETAIL",
      "text": "POINT OF ORIGIN"
    },
    "obx_observation_sub_id": "1",
    "obx_observation_value": "2",
    "obx_observation_date_time": "20160803"
  },
  "0012.OBX": {
    "obx_set_id": "4",
    "obx_value_type": "TX",
    "obx_observation_id": {
      "primary_id": "ACCSTAT1",
      "text": "ADT: PATIENT STATUS"
    },
    "obx_observation_sub_id": "1",
    "obx_observation_value": "Adm",
    "obx_observation_date_time": "20160803"
  },
  "0013.OBX": {
    "obx_set_id": "5",
    "obx_value_type": "TX",
    "obx_observation_id": {
      "primary_id": "ACCSTAT2",
      "text": "HOSPITAL - ADMIT CONFIRMATION STATUS"
    },
    "obx_observation_sub_id": "1",
    "obx_observation_value": "Conf",
    "obx_observation_date_time": "20160803"
  }
}