{
  "0000.COMN": {
    "msh_sending_facility": "COCQA1A",
    "msh_msg_control_id": "IP_COQ1A_SIU_SCQ1A.161005.2",
    "pid_medical_record_num": "J000426315",
    "pid_medical_record_urn": "J502922",
    "pid_pat_account_num": "J00021040499"
  },
  "0001.MSH": {
    "msh_field_separator": "|",
    "msh_encoding_character": "^~\\&",
    "msh_sending_appl": "COCQA1A",
    "msh_sending_facility": "COCQA1A",
    "msh_receiving_appl": "OV",
    "msh_receiving_facility": "OV",
    "msh_msg_create_date_time": "201611090942",
    "msh_msg_type": {
      "message_code": "SIU",
      "trigger_event": "S18"
    },
    "msh_msg_control_id": "IP_COQ1A_SIU_SCQ1A.161005.2",
    "msh_processing_id": "T",
    "msh_version_id": "2.5",
    "msh_continuation_pointer": {
      "network_id": "KYA",
      "unit_number": "04446"
    },
    "msh_accept_acknowledgment_type": "ER",
    "msh_appl_acknowledgment_type": "NE"
  },
  "0002.PID": {
    "pid_set_id": "1",
    "pid_pat_id_list": {
      "identifier_num": "J000426315",
      "assgn_authr": "COCQA1A",
      "identifier_type_code": "MRN"
    },
    "pid_alt_pat_id": "J502922",
    "pid_pat_name": {
      "last_name": "BIVENS",
      "first_name": "INSTANCE"
    },
    "pid_birth_date_time": "19801109",
    "pid_sex": "M",
    "pid_pat_account_num": "J00021040499"
  },
  "0003.PV1": {
    "pv1_set_id": "1",
    "pv1_pat_classification": "P",
    "pv1_assgn_pat_loc": {
      "point_of_care": "J.SURG",
      "facility": "COCQA1A"
    },
    "pv1_attending_doctor": {
      "person_id": "DR.TERESA",
      "last_name": "Sartain",
      "first_name": "Teresa"
    },
    "pv1_pat_type": "IN",
    "pv1_account_status": "PRE"
  },
  "0004.SCH": {
    "sch_unique_case_id": "5527",
    "sch_unique_appointment_id": "21523",
    "sch_operation_type": "P",
    "sch_update_type": "NEW",
    "sch_patient_doctor": {
      "provider_id": "DR.TERESA",
      "last_name": "Sartain",
      "first_name": "Teresa"
    },
    "sch_patient_service": "RT",
    "sch_patient_facility": "COCQA1A",
    "sch_operating_room": {
      "room_id": "J.OR03",
      "room_desc": "MAIN OR OPERATING ROOM 3"
    },
    "sch_principal_surgeon": {
      "provider_id": "DR.TERESA",
      "last_name": "Sartain",
      "first_name": "Teresa"
    },
    "sch_operation_date_time": "201611091000",
    "sch_operation_entered": {
      "entered_date_time": "201611090941",
      "entered_by": "1PDDRL1170"
    },
    "sch_operation_scheduled_date_time": "201611091000",
    "sch_placer_contact_location": "INCOMPLETE"
  },
  "0005.ZTM": {
    "ztm_case_pre_1_time": "PT ARRIVES OPS",
    "ztm_case_pre_2_time": "PT READY",
    "ztm_case_hold_1_time": "PT ARRIVES HOLDING",
    "ztm_case_hold_2_time": "PT READY",
    "ztm_case_operating_room_1_time": "ANESTHESIA START",
    "ztm_case_operating_room_2_time": "PT IN ROOM",
    "ztm_case_operating_room_3_time": "SURGEON IN ROOM",
    "ztm_case_operating_room_4_time": "PROCEDURE START",
    "ztm_case_operating_room_5_time": "PROCEDURE END",
    "ztm_case_operating_room_6_time": "SURGEON LEAVES ROOM",
    "ztm_case_operating_room_7_time": "PT LEAVES ROOM",
    "ztm_case_pacu_1_time": "PT ARRIVES PACU",
    "ztm_case_pacu_2_time": "ANESTHESIA END",
    "ztm_case_pacu_3_time": "PT DISCHARGE PHASE 1",
    "ztm_case_pacu_4_time": "PT PACU HOLDING OUT",
    "ztm_case_phase2_1_time": "PT ARRIVES PHASE 2",
    "ztm_case_phase2_2_time": "PT DISCHARGE PHASE 2"
  },
  "0006.ZPP": {
    "zpp_counter": "1",
    "zpp_operation_identifier": {
      "operation_code": "J.GEDEBRID",
      "operation_desc": "DEBRIDEMENT OF LOWER EXTREMITY",
      "operation_name": "DEBRIDEMENT OF LOWER EXTREMITY"
    },
    "zpp_procedure_type": "P",
    "zpp_severity": {
      "severity_code": "MAJ",
      "severity_desc": "MAJOR"
    },
    "zpp_surgeon": {
      "person_id": "DR.TERESA",
      "last_name": "Sartain",
      "first_name": "Teresa"
    },
    "zpp_props_opr_duration": "60"
  },
  "0007.ZST": {
    "zst_counter": "1",
    "zst_unknown": "STFANT^Anesthesiologist"
  }
}