{
  "0000.COMN": {
    "sending_facility": "AKAR",
    "message_control_id": "EPIC_AKAR_ADT_233533",
    "medical_record_num": "89156158",
    "medical_record_urn": "2257991",
    "patient_account_num": "700003948"
  },
  "0001.MSH": {
    "field_separator": "|",
    "encoding_characters": "^~\\&",
    "sending_application": "EPIC_AKAR",
    "sending_facility": "AKAR",
    "receiving_application": "DBM",
    "date_time_of_message": "20160808121750",
    "security": "IPUCCNA",
    "message_type": {
      "message_code": "ADT",
      "trigger_event": "A08"
    },
    "message_control_id": "EPIC_AKAR_ADT_233533",
    "processing_id": "D",
    "version_id": "2.5",
    "continuation_pointer": "Epic_MountainQA",
    "message_profile_id": "AKA"
  },
  "0002.EVN": {
    "event_type_code": "A08",
    "recorded_date_time": "20160808121750",
    "event_reason_code": "REG_UPDATE",
    "operator_id": {
      "person_id": "IPUCCNA",
      "family_name": "INPATIENT",
      "given_name": "UNIT",
      "second_and_further_given_names_or_initials_thereof": "CLERK AND CNA",
      "assigning_authority": "MTN A",
      "assigning_facility": "AKAR"
    }
  },
  "0003.PID": {
    "set_id": "1",
    "patient_id_list": "89156158",
    "alternate_patient_id": "2257991",
    "patient_name": {
      "family_name": "WILLYWONKA",
      "given_name": "TESTF"
    },
    "date_time_of_birth": "19910721",
    "administrative_sex": "F",
    "patient_address": {
      "country": "USA",
      "address_type": "P"
    },
    "patient_account_num": "700003948",
    "ssn_num_patient": "586-99-6898",
    "patient_death_indicator": "N"
  },
  "0004.ZPD": {
    "pregnancy_flag": "N"
  },
  "0005.PD1": {
    "patient_primary_facility": {
      "organization_name": "ALASKA REGIONAL HOSPITAL",
      "id_num": "40001001"
    }
  },
  "0006.PV1": {
    "set_id": "1",
    "patient_class": "I",
    "assigned_patient_location": {
      "point_of_care": "AKAROB",
      "room": "L.OBG341",
      "bed": "L.OBG341A",
      "facility": "AKAR"
    },
    "admission_type": "L",
    "attending_doctor": [
      {
        "person_id": "1396841920",
        "family_name": "ADAMS",
        "given_name": "PETER",
        "second_and_further_given_names_or_initials_thereof": "B",
        "assigning_authority": "NPI",
        "id_type_code": "NPI"
      },
      {
        "person_id": "BMO9308",
        "family_name": "ADAMS",
        "given_name": "PETER",
        "second_and_further_given_names_or_initials_thereof": "B",
        "assigning_authority": "THREEFOUR",
        "id_type_code": "THREEFOUR"
      }
    ],
    "admitting_doctor": [
      {
        "person_id": "1396841920",
        "family_name": "ADAMS",
        "given_name": "PETER",
        "second_and_further_given_names_or_initials_thereof": "B",
        "assigning_authority": "NPI",
        "id_type_code": "NPI"
      },
      {
        "person_id": "BMO9308",
        "family_name": "ADAMS",
        "given_name": "PETER",
        "second_and_further_given_names_or_initials_thereof": "B",
        "assigning_authority": "THREEFOUR",
        "id_type_code": "THREEFOUR"
      },
      {
        "person_id": "1201031324",
        "family_name": "ADAMS",
        "given_name": "PETER",
        "second_and_further_given_names_or_initials_thereof": "B",
        "assigning_authority": "EPICPROVID",
        "id_type_code": "EPICPROVID"
      }
    ],
    "visit_num": "10133603",
    "financial_class": "99",
    "account_status": {
      "id": "Adm",
      "text": "Conf"
    },
    "admit_date_time": "20160808121700",
    "alternate_visit_id": "10133603"
  },
  "0007.PV2": {
    "accommodation_code": "LD",
    "visit_protection_indicator": "N"
  },
  "0008.ZPV": {
    "first_inpatient_occurence_date_time": "20160808121700",
    "first_outpatient_occurence_date_time": "20160721092800"
  },
  "0009.OBX": {
    "set_id": "1",
    "value_type": "TX",
    "obsv_id": {
      "id": "ACCSTAT1",
      "text": "ADT: PATIENT STATUS"
    },
    "obsv_sub_id": "1",
    "obsv_value": "Adm",
    "date_time_of_the_obsv": "20160721"
  },
  "0010.OBX": {
    "set_id": "2",
    "value_type": "TX",
    "obsv_id": {
      "id": "ACCSTAT2",
      "text": "HOSPITAL - ADMIT CONFIRMATION STATUS"
    },
    "obsv_sub_id": "1",
    "obsv_value": "Conf",
    "date_time_of_the_obsv": "20160721"
  },
  "0011.GT1": {
    "set_id": "1",
    "guarantor_num": "17003",
    "guarantor_name": {
      "family_name": "WILLYWONKA",
      "given_name": "TESTF"
    },
    "guarantor_address": {
      "country": "USA"
    },
    "guarantor_date_time_of_birth": "19910721",
    "guarantor_administrative_sex": "F",
    "guarantor_type": "Facility P/F",
    "guarantor_relationship": "18",
    "guarantor_ssn": "586-99-6898"
  },
  "0012.ZG1": {
    "fpl_effective_from_date": "ZG1"
  }
}