{
  "0000.COMN": {
    "sending_facility": "AKAR",
    "message_control_id": "EPIC_AKAR_ADT_233352",
    "medical_record_num": "456789465",
    "medical_record_urn": "2257801",
    "patient_account_num": "9798798"
  },
  "0001.MSH": {
    "field_separator": "|",
    "encoding_characters": "^~\\&",
    "sending_application": "EPIC_AKAR",
    "sending_facility": "AKAR",
    "receiving_application": "DBM",
    "receiving_facility": null,
    "date_time_of_message": "20160803130926",
    "security": "IPRN",
    "message_type": {
      "message_code": "ADT",
      "trigger_event": "A60"
    },
    "message_control_id": "EPIC_AKAR_ADT_233352",
    "processing_id": "D",
    "version_id": "2.3",
    "sequence_num": null,
    "continuation_pointer": "Epic_MountainQA",
    "accept_acknowledgement_type": null,
    "application_acknowledgement_type": null,
    "country_code": null,
    "character_set": null,
    "principal_language_of_message": null,
    "alternate_character_set_handling_scheme": null,
    "message_profile_id": "AKA"
  },
  "0002.EVN": {
    "event_type_code": "A60",
    "recorded_date_time": "20160803130926",
    "date_time_planned_event": null,
    "event_reason_code": "ALLERGY_TRIGGER",
    "operator_id": {
      "person_id": "IPRN",
      "family_name": "INPATIENT",
      "given_name": "NURSE",
      "second_and_further_given_names_or_initials_thereof": null,
      "suffix": null,
      "prefix": null,
      "degree": null,
      "source_table": null,
      "assigning_authority": "MTN A",
      "name_type_code": null,
      "id_check_digit": null,
      "check_digit_scheme": null,
      "id_type_code": null,
      "assigning_facility": "AKAR"
    }
  },
  "0003.PID": {
    "set_id": "1",
    "patient_id": null,
    "patient_id_list": "456789465",
    "alternate_patient_id": "2257801",
    "patient_name": {
      "family_name": "UPGRADE",
      "given_name": "ALASKA",
      "second_and_further_given_names_or_initials_thereof": "ONE"
    },
    "mother_maiden_name": null,
    "date_time_of_birth": "20160606",
    "administrative_sex": "F",
    "patient_alias": null,
    "race": null,
    "patient_address": {
      "street_address": "20 MAIN AVE",
      "other_designation": null,
      "city": "AVENTURA",
      "state_or_province": "FL",
      "zip_or_postal_code": "33180",
      "country": "USA",
      "address_type": "P",
      "other_geographic_designation": null,
      "county_parish_code": "MIAMI-DADE"
    },
    "county_code": "MIAMI-DADE",
    "phone_num_home": null,
    "phone_num_business": null,
    "primary_language": null,
    "marital_status": null,
    "religion": null,
    "patient_account_num": "9798798",
    "ssn_num_patient": "999-99-9999",
    "driver_license_num": null,
    "mother_name": null,
    "ethnic_group": null,
    "birth_place": null,
    "multiple_birth_indicator": null,
    "birth_order": null,
    "citizenship": null,
    "veterans_military_status": null,
    "nationality": null,
    "patient_death_date_and_time": null,
    "patient_death_indicator": "N"
  },
  "0004.ZPD": {
    "patient_ancestry": null,
    "preferred_communication_method": null,
    "multiple_birth_total": null,
    "my_chart_status": null,
    "research_study_id": null,
    "authorized_service_area": null,
    "pregnancy_flag": "N"
  },
  "0005.PV1": {
    "set_id": "1",
    "patient_class": "N"
  },
  "0006.PV2": {
    "prior_pending_location": null,
    "accommodation_code": null,
    "admit_reason": null,
    "transfer_reason": null,
    "patient_valuables": null,
    "patient_valuables_location": null,
    "visit_user_code": null,
    "expected_admit_date_time": null,
    "expected_discharge_date_time": null,
    "estimated_length_of_inpatient_stay": null,
    "actual_length_of_inpatient_stay": null,
    "visit_description": null,
    "referral_source_code": null,
    "previous_service_date": null,
    "employment_illness_related_indicator": null,
    "purge_status_code": null,
    "purge_status_date": null,
    "special_program_code": null,
    "retention_indicator": null,
    "expected_num_of_insurance_plans": null,
    "visit_publicity_code": null,
    "visit_protection_indicator": "N"
  },
  "0007.ZPV": {},
  "0008.IAM": {
    "set_id": "1",
    "allergen_type_code": "DRUG INGREDI",
    "allergen_code_mnemonic_description": {
      "id": "BANANA",
      "text": "BANANA",
      "name_of_coding_system": null
    },
    "allergy_severity_code": null,
    "allergy_reaction_code": null,
    "allergy_action_code": "U",
    "allergy_unique_id": "28214",
    "action_reason": null,
    "sensitivity_to_causative_agent_code": null,
    "allergen_group_code_mnemonic_description": {
      "id": null,
      "text": "BANANA",
      "name_of_coding_system": null
    },
    "onset_date": "20160720",
    "onset_date_text": null,
    "reported_date_time": "20160720071032",
    "reported_by": [
      {
        "family_name": "1100199995",
        "given_name": "INPATIENT",
        "second_and_further_given_names_or_initials_thereof": "ATTENDING",
        "suffix": "PHYSICIAN",
        "prefix": null,
        "degree": null,
        "name_type_code": null,
        "name_representation_code": null,
        "name_context": "NPI",
        "name_validity_range": null,
        "name_assembly_order": null,
        "effective_date": null,
        "expiration_date": "NPI"
      },
      {
        "family_name": "20001",
        "given_name": "INPATIENT",
        "second_and_further_given_names_or_initials_thereof": "ATTENDING",
        "suffix": "PHYSICIAN",
        "prefix": null,
        "degree": null,
        "name_type_code": null,
        "name_representation_code": null,
        "name_context": "PROVID",
        "name_validity_range": null,
        "name_assembly_order": null,
        "effective_date": null,
        "expiration_date": "PROVID"
      },
      {
        "family_name": "ABC1231",
        "given_name": "INPATIENT",
        "second_and_further_given_names_or_initials_thereof": "ATTENDING",
        "suffix": "PHYSICIAN",
        "prefix": null,
        "degree": null,
        "name_type_code": null,
        "name_representation_code": null,
        "name_context": "THREEFOUR",
        "name_validity_range": null,
        "name_assembly_order": null,
        "effective_date": null,
        "expiration_date": "THREEFOUR"
      }
    ],
    "relationship_to_patient_code": null,
    "alert_device_code": null,
    "allergy_clinical_status_code": null,
    "statused_by_person": null,
    "statused_by_organization": null,
    "statused_at_date_time": "20160803110924"
  },
  "0009.IAM": {
    "set_id": "2",
    "allergen_type_code": "DRUG INGREDI",
    "allergen_code_mnemonic_description": {
      "id": "BROCCOLI",
      "text": "BROCCOLI",
      "name_of_coding_system": null
    },
    "allergy_severity_code": null,
    "allergy_reaction_code": null,
    "allergy_action_code": "U",
    "allergy_unique_id": "28296",
    "action_reason": null,
    "sensitivity_to_causative_agent_code": null,
    "allergen_group_code_mnemonic_description": {
      "id": null,
      "text": "BROCCOLI",
      "name_of_coding_system": null
    },
    "onset_date": "20160725",
    "onset_date_text": null,
    "reported_date_time": "20160725081950",
    "reported_by": null,
    "relationship_to_patient_code": null,
    "alert_device_code": null,
    "allergy_clinical_status_code": null,
    "statused_by_person": null,
    "statused_by_organization": null,
    "statused_at_date_time": "20160803110924"
  },
  "0010.IAM": {
    "set_id": "3",
    "allergen_type_code": "DRUG INGREDI",
    "allergen_code_mnemonic_description": {
      "id": "CAULIFLOWER",
      "text": "CAULIFLOWER",
      "name_of_coding_system": null
    },
    "allergy_severity_code": null,
    "allergy_reaction_code": null,
    "allergy_action_code": "U",
    "allergy_unique_id": "28297",
    "action_reason": null,
    "sensitivity_to_causative_agent_code": null,
    "allergen_group_code_mnemonic_description": {
      "id": null,
      "text": "CAULIFLOWER",
      "name_of_coding_system": null
    },
    "onset_date": "20160725",
    "onset_date_text": null,
    "reported_date_time": "20160725082036",
    "reported_by": null,
    "relationship_to_patient_code": null,
    "alert_device_code": null,
    "allergy_clinical_status_code": null,
    "statused_by_person": null,
    "statused_by_organization": null,
    "statused_at_date_time": "20160803110924"
  },
  "0011.IAM": {
    "set_id": "4",
    "allergen_type_code": "DRUG INGREDI",
    "allergen_code_mnemonic_description": {
      "id": "PEANUTS",
      "text": "PEANUT",
      "name_of_coding_system": null
    },
    "allergy_severity_code": null,
    "allergy_reaction_code": null,
    "allergy_action_code": "U",
    "allergy_unique_id": "28215",
    "action_reason": null,
    "sensitivity_to_causative_agent_code": null,
    "allergen_group_code_mnemonic_description": {
      "id": null,
      "text": "PEANUT",
      "name_of_coding_system": null
    },
    "onset_date": "20160720",
    "onset_date_text": null,
    "reported_date_time": "20160720071040",
    "reported_by": [
      {
        "family_name": "1100199995",
        "given_name": "INPATIENT",
        "second_and_further_given_names_or_initials_thereof": "ATTENDING",
        "suffix": "PHYSICIAN",
        "prefix": null,
        "degree": null,
        "name_type_code": null,
        "name_representation_code": null,
        "name_context": "NPI",
        "name_validity_range": null,
        "name_assembly_order": null,
        "effective_date": null,
        "expiration_date": "NPI"
      },
      {
        "family_name": "20001",
        "given_name": "INPATIENT",
        "second_and_further_given_names_or_initials_thereof": "ATTENDING",
        "suffix": "PHYSICIAN",
        "prefix": null,
        "degree": null,
        "name_type_code": null,
        "name_representation_code": null,
        "name_context": "PROVID",
        "name_validity_range": null,
        "name_assembly_order": null,
        "effective_date": null,
        "expiration_date": "PROVID"
      },
      {
        "family_name": "ABC1231",
        "given_name": "INPATIENT",
        "second_and_further_given_names_or_initials_thereof": "ATTENDING",
        "suffix": "PHYSICIAN",
        "prefix": null,
        "degree": null,
        "name_type_code": null,
        "name_representation_code": null,
        "name_context": "THREEFOUR",
        "name_validity_range": null,
        "name_assembly_order": null,
        "effective_date": null,
        "expiration_date": "THREEFOUR"
      }
    ],
    "relationship_to_patient_code": null,
    "alert_device_code": null,
    "allergy_clinical_status_code": null,
    "statused_by_person": null,
    "statused_by_organization": null,
    "statused_at_date_time": "20160803110924"
  },
  "0012.IAM": {
    "set_id": "5",
    "allergen_type_code": "DRUG",
    "allergen_code_mnemonic_description": {
      "id": "SALMON",
      "text": "SALMON OIL-OMEGA-3 FATTY ACIDS",
      "name_of_coding_system": null
    },
    "allergy_severity_code": null,
    "allergy_reaction_code": null,
    "allergy_action_code": "U",
    "allergy_unique_id": "28379",
    "action_reason": null,
    "sensitivity_to_causative_agent_code": null,
    "allergen_group_code_mnemonic_description": {
      "id": null,
      "text": "SALMON OIL-OMEGA-3 FATTY ACIDS",
      "name_of_coding_system": null
    },
    "onset_date": "20160803",
    "onset_date_text": null,
    "reported_date_time": "20160803110834",
    "reported_by": null,
    "relationship_to_patient_code": null,
    "alert_device_code": null,
    "allergy_clinical_status_code": null,
    "statused_by_person": null,
    "statused_by_organization": null,
    "statused_at_date_time": "20160803110924"
  },
  "0013.IAM": {
    "set_id": "6",
    "allergen_type_code": "DRUG INGREDI",
    "allergen_code_mnemonic_description": {
      "id": "TUNA",
      "text": "TUNA OIL",
      "name_of_coding_system": null
    },
    "allergy_severity_code": null,
    "allergy_reaction_code": null,
    "allergy_action_code": "U",
    "allergy_unique_id": "28216",
    "action_reason": null,
    "sensitivity_to_causative_agent_code": null,
    "allergen_group_code_mnemonic_description": {
      "id": null,
      "text": "TUNA OIL",
      "name_of_coding_system": null
    },
    "onset_date": "20160720",
    "onset_date_text": null,
    "reported_date_time": "20160720071045",
    "reported_by": [
      {
        "family_name": "1100199995",
        "given_name": "INPATIENT",
        "second_and_further_given_names_or_initials_thereof": "ATTENDING",
        "suffix": "PHYSICIAN",
        "prefix": null,
        "degree": null,
        "name_type_code": null,
        "name_representation_code": null,
        "name_context": "NPI",
        "name_validity_range": null,
        "name_assembly_order": null,
        "effective_date": null,
        "expiration_date": "NPI"
      },
      {
        "family_name": "20001",
        "given_name": "INPATIENT",
        "second_and_further_given_names_or_initials_thereof": "ATTENDING",
        "suffix": "PHYSICIAN",
        "prefix": null,
        "degree": null,
        "name_type_code": null,
        "name_representation_code": null,
        "name_context": "PROVID",
        "name_validity_range": null,
        "name_assembly_order": null,
        "effective_date": null,
        "expiration_date": "PROVID"
      },
      {
        "family_name": "ABC1231",
        "given_name": "INPATIENT",
        "second_and_further_given_names_or_initials_thereof": "ATTENDING",
        "suffix": "PHYSICIAN",
        "prefix": null,
        "degree": null,
        "name_type_code": null,
        "name_representation_code": null,
        "name_context": "THREEFOUR",
        "name_validity_range": null,
        "name_assembly_order": null,
        "effective_date": null,
        "expiration_date": "THREEFOUR"
      }
    ],
    "relationship_to_patient_code": null,
    "alert_device_code": null,
    "allergy_clinical_status_code": null,
    "statused_by_person": null,
    "statused_by_organization": null,
    "statused_at_date_time": "20160803110924"
  }
}