{
  "0000.COMN": {
    "sending_facility": "FRNK",
    "message_control_id": "MT6_FRNK_ADT_137523803",
    "medical_record_num": "K648646513",
    "medical_record_urn": "1234567",
    "patient_account_num": "FR0804087583"
  },
  "0001.MSH": {
    "field_separator": "|",
    "encoding_characters": "^~\\&",
    "sending_application": "ADM",
    "sending_facility": "FRNK",
    "receiving_application": null,
    "receiving_facility": null,
    "date_time_of_message": "201407211540",
    "security": null,
    "message_type": {
      "message_code": "ADT",
      "trigger_event": "A08"
    },
    "message_control_id": "MT6_FRNK_ADT_137523803",
    "processing_id": "P",
    "version_id": "2.4"
  },
  "0002.EVN": {
    "event_type_code": null,
    "recorded_date_time": "201407211540",
    "date_time_planned_event": null,
    "event_reason_code": null,
    "operator_id": {
      "person_id": "SHR5123",
      "family_name": "Sheryl",
      "given_name": "Hermionie",
      "second_and_further_given_names_or_initials_thereof": "M"
    },
    "event_occured": "201608261100"
  },
  "0003.PID": {
    "set_id": "1",
    "patient_id": null,
    "patient_id_list": [
      {
        "id_num": "K648646513",
        "id_check_digit": null,
        "check_digit_scheme": null,
        "assigning_authority": null,
        "id_type_code": "MR",
        "assigning_facility": "FRNK"
      },
      {
        "id_num": "999-99-9999",
        "id_check_digit": null,
        "check_digit_scheme": null,
        "assigning_authority": null,
        "id_type_code": "SS",
        "assigning_facility": "FRNK"
      },
      {
        "id_num": "K89484",
        "id_check_digit": null,
        "check_digit_scheme": null,
        "assigning_authority": null,
        "id_type_code": "PI",
        "assigning_facility": "FRNK"
      },
      {
        "id_num": "A0409849",
        "id_check_digit": null,
        "check_digit_scheme": null,
        "assigning_authority": null,
        "id_type_code": "HUB",
        "assigning_facility": "FRNK"
      }
    ],
    "alternate_patient_id": "1234567",
    "patient_name": [
      {
        "family_name": "ADDISON",
        "given_name": "ROMERO",
        "second_and_further_given_names_or_initials_thereof": "JOHN",
        "suffix": null,
        "prefix": null,
        "degree": null,
        "name_type_code": "L"
      },
      {
        "family_name": "ADDISON",
        "given_name": "ROMERO",
        "second_and_further_given_names_or_initials_thereof": "L",
        "suffix": null,
        "prefix": null,
        "degree": null,
        "name_type_code": "M"
      }
    ],
    "mother_maiden_name": "DIANE",
    "date_time_of_birth": "19660130",
    "administrative_sex": "F",
    "patient_alias": null,
    "race": "U",
    "patient_address": {
      "street_address": null,
      "other_designation": null,
      "city": null,
      "state_or_province": null,
      "zip_or_postal_code": null,
      "country": null,
      "address_type": "P"
    },
    "county_code": null,
    "phone_num_home": "(502)517-5291",
    "phone_num_business": null,
    "primary_language": null,
    "marital_status": null,
    "religion": null,
    "patient_account_num": "FR0804087583",
    "ssn_num_patient": "999-99-9999"
  },
  "0004.PV1": {
    "set_id": "1",
    "patient_class": "P",
    "assigned_patient_location": "FR.SURG",
    "admission_type": null,
    "pre_admit_num": null,
    "prior_patient_location": null,
    "attending_doctor": {
      "person_id": "BYG2418",
      "family_name": "Wainwright",
      "given_name": "Mark",
      "second_and_further_given_names_or_initials_thereof": "A.",
      "suffix": null,
      "prefix": null,
      "degree": null,
      "source_table": null,
      "assigning_authority": null,
      "name_type_code": null,
      "id_check_digit": null,
      "check_digit_scheme": null,
      "id_type_code": "XX"
    },
    "referring_doctor": null,
    "consulting_doctor": null,
    "hospital_service": null,
    "temporary_location": null,
    "pre_admit_test_indicator": null,
    "readmission_indicator": null,
    "admit_source": null,
    "ambulatory_status": null,
    "vip_indicator": null,
    "admitting_doctor": null,
    "patient_type": "SDC",
    "visit_num": null,
    "financial_class": "09",
    "charge_price_indicator": null,
    "courtesy_code": null,
    "credit_rating": null,
    "contract_code": null,
    "contract_effective_date": null,
    "contract_amt": null,
    "contract_period": null,
    "interest_code": null,
    "transfer_to_bad_debt_code": null,
    "transfer_to_bad_debt_date": null,
    "bad_debt_agency_code": null,
    "bad_debt_transfer_amt": null,
    "bad_debt_recovery_amt": null,
    "delete_account_indicator": null,
    "delete_account_date": null,
    "discharge_disposition": null,
    "discharged_to_location": null,
    "diet_type": null,
    "servicing_facility": "FRNK",
    "bed_status": null,
    "account_status": "PRE",
    "pending_location": null,
    "prior_temporary_location": null,
    "admit_date_time": "201608261100"
  },
  "0005.PV2": {
    "prior_pending_location": null,
    "accommodation_code": null,
    "admit_reason": "IRREG BLEEDING",
    "transfer_reason": null,
    "patient_valuables": null,
    "patient_valuables_location": null,
    "visit_user_code": null,
    "expected_admit_date_time": null,
    "expected_discharge_date_time": null,
    "estimated_length_of_inpatient_stay": null,
    "actual_length_of_inpatient_stay": null,
    "visit_description": null,
    "referral_source_code": null,
    "previous_service_date": null,
    "employment_illness_related_indicator": null,
    "purge_status_code": null,
    "purge_status_date": null,
    "special_program_code": null,
    "retention_indicator": null,
    "expected_num_of_insurance_plans": null,
    "visit_publicity_code": null,
    "visit_protection_indicator": null,
    "clinic_organization_name": null,
    "patient_status_code": null,
    "visit_priority_code": null,
    "previous_treatment_date": null,
    "expected_discharge_disposition": null,
    "signature_on_file_date": null,
    "first_similar_illness_date": null,
    "patient_charge_adjustment_code": null,
    "recurring_service_code": null,
    "billing_media_code": null,
    "expected_surgery_date_and_time": null,
    "military_partnership_code": null,
    "military_non_availability_code": null,
    "newborn_baby_indicator": "N"
  },
  "0006.ROL": {
    "role_instance_id": "1",
    "action_code": "AD",
    "role_rol": "AT",
    "role_person": {
      "person_id": "BYG2418",
      "family_name": "Wainwright",
      "given_name": "Mark",
      "second_and_further_given_names_or_initials_thereof": "A.",
      "suffix": null,
      "prefix": null,
      "degree": null,
      "source_table": null,
      "assigning_authority": null,
      "name_type_code": null,
      "id_check_digit": null,
      "check_digit_scheme": null,
      "id_type_code": "XX"
    }
  },
  "0007.OBX": {
    "set_id": "1",
    "value_type": "TX",
    "obsv_id": {
      "id": "1CWS0P093A",
      "text": "CPT code",
      "name_of_coding_system": "ADM"
    },
    "obsv_sub_id": null,
    "obsv_value": "58563",
    "units": null,
    "references_range": null,
    "interpretation_codes": null,
    "probability": null,
    "nature_of_abnormal_test": null,
    "obsv_result_status": "F"
  },
  "0008.DRG": {
    "diagnostic_related_group": "33"
  },
  "0009.IN1": {
    "set_id": "1",
    "health_plan_id": "BCANTHMCD",
    "insurance_company_id": null,
    "insurance_company_name": "BC ANTHEM MEDICAID KY",
    "insurance_company_address": {
      "street_address": "PO BOX 61010",
      "other_designation": "ATTN CLAIMS",
      "city": "VIRGINIA BEACH",
      "state_or_province": "VA",
      "zip_or_postal_code": "23456-1010"
    },
    "insurance_company_contact_person": null,
    "insurance_company_phone_num": "(999)999-9999",
    "group_num": null,
    "group_name": null,
    "insured_group_emp_id": null,
    "insured_group_emp_name": null,
    "plan_effective_date": null,
    "plan_expiration_date": null,
    "authorization_information": null,
    "plan_type": null,
    "name_of_insured": {
      "family_name": "ADDISON",
      "given_name": "ROMERO",
      "second_and_further_given_names_or_initials_thereof": "JOHN"
    },
    "insured_relationship_to_patient": "SA",
    "insured_date_of_birth": "19760920",
    "insured_address": {
      "street_address": null,
      "other_designation": null,
      "city": null,
      "state_or_province": null,
      "zip_or_postal_code": null,
      "country": null,
      "address_type": "P"
    },
    "assignment_of_benefits": null,
    "coordination_of_benefits": null,
    "coordination_of_benefits_priority": null,
    "notice_of_admission_flag": null,
    "notice_of_admission_date": null,
    "report_of_eligibility_flag": null,
    "report_of_eligibility_date": null,
    "release_information_code": null,
    "pre_admit_cert_pac": null,
    "verification_date_time": null,
    "verification_by": null,
    "type_of_agreement_code": null,
    "billing_status": null,
    "lifetime_reserve_days": null,
    "delay_before_lifetime_reserve_days": null,
    "company_plan_code": null,
    "policy_num": "403238060",
    "policy_deductible": null,
    "policy_limit_amt": null,
    "policy_limit_days": null,
    "room_rate_semi_private": null,
    "room_rate_private": null,
    "insured_employment_status": null,
    "insured_administrative_sex": "F"
  },
  "0010.IN2": {
    "set_id": "1",
    "insured_social_security_num": "999-99-9999",
    "insured_employer_name_and_id": null,
    "employer_information_data": null,
    "mail_claim_party": null,
    "medicare_health_ins_card_num": null,
    "medicaid_case_name": null,
    "medicaid_case_num": null,
    "military_sponsor_name": null,
    "military_id_num": null,
    "dependent_of_military_recipient": null,
    "military_organization": null,
    "military_station": null,
    "military_service": null,
    "military_rank_grade": null,
    "military_status": null,
    "military_retire_date": null,
    "military_non_avail_cert_on_file": null,
    "baby_coverage": null,
    "combine_baby_bill": null,
    "blood_deductible": null,
    "special_coverage_approval_name": null,
    "special_coverage_approval_title": null,
    "non_covered_insurance_code": null,
    "payor_id": null,
    "payor_subscriber_id": null,
    "eligibility_source": null,
    "room_coverage_type_amt": null,
    "policy_type_amt": null,
    "daily_deductible": null,
    "living_dependency": null,
    "ambulatory_status": null,
    "citizenship": null,
    "primary_language": null,
    "living_arrangement": null,
    "publicity_code": null,
    "protection_indicator": null,
    "student_indicator": null,
    "religion": null,
    "mother_maiden_name": null,
    "nationality": null,
    "ethnic_group": null,
    "marital_status": null,
    "insured_employment_start_date": null,
    "employment_stop_date": null,
    "job_title": null,
    "job_code_class": null,
    "job_status": null,
    "employer_contact_person_name": null,
    "employer_contact_person_phone_num": null,
    "employer_contact_reason": null,
    "insured_contact_person_name": null,
    "insured_contact_person_phone_num": null,
    "insured_contact_person_reason": null,
    "relationship_to_the_patient_start_date": null,
    "relationship_to_the_patient_stop_date": null,
    "insurance_company_contact_reason": null,
    "insurance_company_contact_phone_num": null,
    "policy_scope": null,
    "policy_source": null,
    "patient_member_num": null,
    "guarantor_relationship_to_insured": null,
    "insured_phone_num_home": "(999)999-5291"
  }
}