{
  "0000.COMN": {
    "sending_facility": "AKAR",
    "message_control_id": "EPIC_AKAR_ADT_233494",
    "medical_record_num": "123546",
    "medical_record_urn": "2258067",
    "patient_account_num": "700004079"
  },
  "0001.MSH": {
    "field_separator": "|",
    "encoding_characters": "^~\\&",
    "sending_application": "EPIC_AKAR",
    "sending_facility": "AKAR",
    "receiving_application": "DBM",
    "receiving_facility": null,
    "date_time_of_message": "20160808071746",
    "security": "QLA7968",
    "message_type": {
      "message_code": "ADT",
      "trigger_event": "A01"
    },
    "message_control_id": "EPIC_AKAR_ADT_233494",
    "processing_id": "D",
    "version_id": "2.3",
    "sequence_num": null,
    "continuation_pointer": "Epic_MountainQA",
    "accept_acknowledgement_type": null,
    "application_acknowledgement_type": null,
    "country_code": null,
    "character_set": null,
    "principal_language_of_message": null,
    "alternate_character_set_handling_scheme": null,
    "message_profile_id": "AKA"
  },
  "0002.EVN": {
    "event_type_code": "A01",
    "recorded_date_time": "20160808071746",
    "date_time_planned_event": null,
    "event_reason_code": "ADT_EVENT",
    "operator_id": {
      "person_id": "QLA7968",
      "family_name": "GARRETT",
      "given_name": "BRYAN",
      "second_and_further_given_names_or_initials_thereof": null,
      "suffix": null,
      "prefix": null,
      "degree": null,
      "source_table": null,
      "assigning_authority": "MTN A",
      "name_type_code": null,
      "id_check_digit": null,
      "check_digit_scheme": null,
      "id_type_code": null,
      "assigning_facility": "AKAR"
    },
    "event_occured": "20160808071600"
  },
  "0003.PID": {
    "set_id": "1",
    "patient_id": null,
    "patient_id_list": "123546",
    "alternate_patient_id": "2258067",
    "patient_name": {
      "family_name": "SOFTLY",
      "given_name": "KILLING",
      "second_and_further_given_names_or_initials_thereof": "ME"
    },
    "mother_maiden_name": null,
    "date_time_of_birth": "20100504",
    "administrative_sex": "F",
    "patient_alias": null,
    "race": "W",
    "patient_address": {
      "street_address": "32 GRIZZLEY LN",
      "other_designation": null,
      "city": "ANCHORAGE",
      "state_or_province": "AK",
      "zip_or_postal_code": "99508",
      "country": "USA",
      "address_type": "P",
      "other_geographic_designation": null,
      "county_parish_code": "ANCHORAGE"
    },
    "county_code": "ANCHORAGE",
    "phone_num_home": {
      "telephone_num": "(801)252-3201",
      "telecommunication_use_code": "P",
      "telecommunication_equipment_type": "H",
      "communication_address": null,
      "country_code": null,
      "area_city_code": "801",
      "local_num": "2523201"
    },
    "phone_num_business": null,
    "primary_language": "ENGLISH",
    "marital_status": "S",
    "religion": "LDS",
    "patient_account_num": "700004079",
    "ssn_num_patient": "777-77-7777",
    "driver_license_num": null,
    "mother_name": {
      "family_name": "Softly",
      "given_name": "Jane",
      "second_and_further_given_names_or_initials_thereof": null,
      "n_a": null
    },
    "ethnic_group": "NOT HISPANIC",
    "birth_place": null,
    "multiple_birth_indicator": null,
    "birth_order": null,
    "citizenship": null,
    "veterans_military_status": null,
    "nationality": null,
    "patient_death_date_and_time": null,
    "patient_death_indicator": "N"
  },
  "0004.ZPD": {
    "patient_ancestry": null,
    "preferred_communication_method": null,
    "multiple_birth_total": null,
    "my_chart_status": null,
    "research_study_id": null,
    "authorized_service_area": null,
    "pregnancy_flag": "N"
  },
  "0005.PD1": {
    "living_dependency": null,
    "living_arrangement": null,
    "patient_primary_facility": {
      "organization_name": "ALASKA REGIONAL HOSPITAL",
      "organization_name_type_code": null,
      "id_num": "40001001"
    },
    "patient_primary_care_provider_name_and_id_num": [
      {
        "person_id": "1477536316",
        "family_name": "CHURCH",
        "given_name": "EMILY",
        "second_and_further_given_names_or_initials_thereof": null,
        "suffix": null,
        "prefix": null,
        "degree": null,
        "source_table": null,
        "assigning_authority": "NPI",
        "name_type_code": null,
        "id_check_digit": null,
        "check_digit_scheme": null,
        "id_type_code": "NPI"
      },
      {
        "person_id": "KCE9863",
        "family_name": "CHURCH",
        "given_name": "EMILY",
        "second_and_further_given_names_or_initials_thereof": null,
        "suffix": null,
        "prefix": null,
        "degree": null,
        "source_table": null,
        "assigning_authority": "THREEFOUR",
        "name_type_code": null,
        "id_check_digit": null,
        "check_digit_scheme": null,
        "id_type_code": "THREEFOUR"
      }
    ]
  },
  "0006.NK1": {
    "set_id": "1",
    "name": {
      "family_name": "SOFTLY",
      "given_name": "JANE",
      "second_and_further_given_names_or_initials_thereof": null,
      "suffix": null
    },
    "relationship": "19",
    "address": {
      "street_address": "32 Grizzley Ln",
      "other_designation": null,
      "city": "ANCHORAGE",
      "state_or_province": "AK",
      "zip_or_postal_code": "99508",
      "country": "USA"
    },
    "phone_num": {
      "telephone_num": "(801)252-3201",
      "telecommunication_use_code": null,
      "telecommunication_equipment_type": "H",
      "communication_address": null,
      "country_code": null,
      "area_city_code": "801",
      "local_num": "2523201"
    },
    "business_phone_num": null,
    "contact_role": "EC"
  },
  "0007.NK1": {
    "set_id": "2",
    "name": null,
    "relationship": null,
    "address": {
      "street_address": null,
      "other_designation": null,
      "city": null,
      "state_or_province": null,
      "zip_or_postal_code": null,
      "country": "USA"
    },
    "phone_num": null,
    "business_phone_num": null,
    "contact_role": "EMP",
    "start_date": null,
    "end_date": null,
    "next_of_kin_associated_parties_job_title": null,
    "next_of_kin_associated_parties_job_code_class": null,
    "next_of_kin_associated_parties_employee_num": null,
    "organization_name": "NONE",
    "marital_status": null,
    "administrative_sex": null,
    "date_time_of_birth": null,
    "living_dependency": null,
    "ambulatory_status": null,
    "citizenship": null,
    "primary_language": null,
    "living_arrangement": null,
    "publicity_code": null,
    "protection_indicator": null,
    "student_indicator": null,
    "religion": null,
    "mother_maiden_name": null,
    "nationality": null,
    "ethnic_group": null,
    "contact_reason": null,
    "contact_person_name": null,
    "contact_person_telephone_num": null,
    "contact_person_address": null,
    "next_of_kin_associated_party_ids": "50696",
    "job_status": "N"
  },
  "0008.PV1": {
    "set_id": "1",
    "patient_class": "I",
    "assigned_patient_location": {
      "point_of_care": "AKARPED",
      "room": "L.PED359",
      "bed": "L.PED359A",
      "facility": "AKAR",
      "location_status": null,
      "person_location_type": null,
      "building": null,
      "floor": null,
      "location_description": null,
      "comprehensive_location_id": null,
      "assigning_authority_for_location": null
    },
    "admission_type": "L",
    "pre_admit_num": null,
    "prior_patient_location": null,
    "attending_doctor": [
      {
        "person_id": "1100199995",
        "family_name": "INPATIENT",
        "given_name": "ATTENDING",
        "second_and_further_given_names_or_initials_thereof": "PHYSICIAN",
        "suffix": null,
        "prefix": null,
        "degree": null,
        "source_table": null,
        "assigning_authority": "NPI",
        "name_type_code": null,
        "id_check_digit": null,
        "check_digit_scheme": null,
        "id_type_code": "NPI"
      },
      {
        "person_id": "20001",
        "family_name": "INPATIENT",
        "given_name": "ATTENDING",
        "second_and_further_given_names_or_initials_thereof": "PHYSICIAN",
        "suffix": null,
        "prefix": null,
        "degree": null,
        "source_table": null,
        "assigning_authority": "PROVID",
        "name_type_code": null,
        "id_check_digit": null,
        "check_digit_scheme": null,
        "id_type_code": "PROVID"
      },
      {
        "person_id": "ABC1231",
        "family_name": "INPATIENT",
        "given_name": "ATTENDING",
        "second_and_further_given_names_or_initials_thereof": "PHYSICIAN",
        "suffix": null,
        "prefix": null,
        "degree": null,
        "source_table": null,
        "assigning_authority": "THREEFOUR",
        "name_type_code": null,
        "id_check_digit": null,
        "check_digit_scheme": null,
        "id_type_code": "THREEFOUR"
      }
    ],
    "referring_doctor": [
      {
        "person_id": "1477536316",
        "family_name": "CHURCH",
        "given_name": "EMILY",
        "second_and_further_given_names_or_initials_thereof": null,
        "suffix": null,
        "prefix": null,
        "degree": null,
        "source_table": null,
        "assigning_authority": "NPI",
        "name_type_code": null,
        "id_check_digit": null,
        "check_digit_scheme": null,
        "id_type_code": "NPI"
      },
      {
        "person_id": "KCE9863",
        "family_name": "CHURCH",
        "given_name": "EMILY",
        "second_and_further_given_names_or_initials_thereof": null,
        "suffix": null,
        "prefix": null,
        "degree": null,
        "source_table": null,
        "assigning_authority": "THREEFOUR",
        "name_type_code": null,
        "id_check_digit": null,
        "check_digit_scheme": null,
        "id_type_code": "THREEFOUR"
      }
    ],
    "consulting_doctor": null,
    "hospital_service": "PED",
    "temporary_location": null,
    "pre_admit_test_indicator": null,
    "readmission_indicator": null,
    "admit_source": "2",
    "ambulatory_status": null,
    "vip_indicator": "n",
    "admitting_doctor": [
      {
        "person_id": "1100199995",
        "family_name": "INPATIENT",
        "given_name": "ATTENDING",
        "second_and_further_given_names_or_initials_thereof": "PHYSICIAN",
        "suffix": null,
        "prefix": null,
        "degree": null,
        "source_table": null,
        "assigning_authority": "NPI",
        "name_type_code": null,
        "id_check_digit": null,
        "check_digit_scheme": null,
        "id_type_code": "NPI"
      },
      {
        "person_id": "20001",
        "family_name": "INPATIENT",
        "given_name": "ATTENDING",
        "second_and_further_given_names_or_initials_thereof": "PHYSICIAN",
        "suffix": null,
        "prefix": null,
        "degree": null,
        "source_table": null,
        "assigning_authority": "PROVID",
        "name_type_code": null,
        "id_check_digit": null,
        "check_digit_scheme": null,
        "id_type_code": "PROVID"
      },
      {
        "person_id": "ABC1231",
        "family_name": "INPATIENT",
        "given_name": "ATTENDING",
        "second_and_further_given_names_or_initials_thereof": "PHYSICIAN",
        "suffix": null,
        "prefix": null,
        "degree": null,
        "source_table": null,
        "assigning_authority": "THREEFOUR",
        "name_type_code": null,
        "id_check_digit": null,
        "check_digit_scheme": null,
        "id_type_code": "THREEFOUR"
      }
    ],
    "patient_type": null,
    "visit_num": "10138614",
    "financial_class": "99",
    "charge_price_indicator": null,
    "courtesy_code": null,
    "credit_rating": null,
    "contract_code": null,
    "contract_effective_date": null,
    "contract_amt": null,
    "contract_period": null,
    "interest_code": null,
    "transfer_to_bad_debt_code": null,
    "transfer_to_bad_debt_date": null,
    "bad_debt_agency_code": null,
    "bad_debt_transfer_amt": null,
    "bad_debt_recovery_amt": null,
    "delete_account_indicator": null,
    "delete_account_date": null,
    "discharge_disposition": null,
    "discharged_to_location": null,
    "diet_type": null,
    "servicing_facility": null,
    "bed_status": null,
    "account_status": {
      "id": "Adm",
      "text": "Conf"
    },
    "pending_location": null,
    "prior_temporary_location": null,
    "admit_date_time": "20160808071600",
    "discharge_date_time": null,
    "current_patient_balance": null,
    "total_charges": null,
    "total_adjustments": null,
    "total_payments": null,
    "alternate_visit_id": "10138614"
  },
  "0009.PV2": {
    "prior_pending_location": null,
    "accommodation_code": "PD",
    "admit_reason": null,
    "transfer_reason": null,
    "patient_valuables": null,
    "patient_valuables_location": null,
    "visit_user_code": null,
    "expected_admit_date_time": "20160808071500",
    "expected_discharge_date_time": null,
    "estimated_length_of_inpatient_stay": null,
    "actual_length_of_inpatient_stay": null,
    "visit_description": null,
    "referral_source_code": null,
    "previous_service_date": null,
    "employment_illness_related_indicator": null,
    "purge_status_code": null,
    "purge_status_date": null,
    "special_program_code": null,
    "retention_indicator": null,
    "expected_num_of_insurance_plans": null,
    "visit_publicity_code": "n",
    "visit_protection_indicator": "N"
  },
  "0010.ZPV": {
    "clinic_code": null,
    "client_code": null,
    "current_flowsheet_value": null,
    "adt_filter_flag": null,
    "bed_phone_num": null,
    "last_menstrual_period": null,
    "insurance_type": null,
    "research_study_id": null,
    "billing_indicator": null,
    "stop_bill_indicator": null,
    "first_inpatient_occurence_date_time": "20160808071600"
  },
  "0011.OBX": {
    "set_id": "1",
    "value_type": "TX",
    "obsv_id": {
      "id": "ADMSRCDETAIL",
      "text": "POINT OF ORIGIN"
    },
    "obsv_sub_id": "1",
    "obsv_value": "2",
    "units": null,
    "references_range": null,
    "interpretation_codes": null,
    "probability": null,
    "nature_of_abnormal_test": null,
    "obsv_result_status": null,
    "effective_date_of_reference_range": null,
    "user_defined_access_checks": null,
    "date_time_of_the_obsv": "20160808"
  },
  "0012.OBX": {
    "set_id": "2",
    "value_type": "TX",
    "obsv_id": {
      "id": "ACCSTAT1",
      "text": "ADT: PATIENT STATUS"
    },
    "obsv_sub_id": "1",
    "obsv_value": "Adm",
    "units": null,
    "references_range": null,
    "interpretation_codes": null,
    "probability": null,
    "nature_of_abnormal_test": null,
    "obsv_result_status": null,
    "effective_date_of_reference_range": null,
    "user_defined_access_checks": null,
    "date_time_of_the_obsv": "20160808"
  },
  "0013.OBX": {
    "set_id": "3",
    "value_type": "TX",
    "obsv_id": {
      "id": "ACCSTAT2",
      "text": "HOSPITAL - ADMIT CONFIRMATION STATUS"
    },
    "obsv_sub_id": "1",
    "obsv_value": "Conf",
    "units": null,
    "references_range": null,
    "interpretation_codes": null,
    "probability": null,
    "nature_of_abnormal_test": null,
    "obsv_result_status": null,
    "effective_date_of_reference_range": null,
    "user_defined_access_checks": null,
    "date_time_of_the_obsv": "20160808"
  },
  "0014.CON": {
    "set_id": "1",
    "consent_type": "REV.CONSENT",
    "consent_form_id_and_version": null,
    "consent_form_num": null,
    "consent_text": null,
    "subject_specific_consent_text": null,
    "consent_background_information": null,
    "subject_specific_consent_background_text": null,
    "consenter_imposed_limitations": null,
    "consent_mode": null,
    "consent_status": "RECEIVED",
    "consent_discussion_date_time": null,
    "consent_decision_date_time": "20160808071700"
  },
  "0015.GT1": {
    "set_id": "1",
    "guarantor_num": "17087",
    "guarantor_name": {
      "family_name": "SOFTLY",
      "given_name": "JANE",
      "second_and_further_given_names_or_initials_thereof": null,
      "suffix": null
    },
    "guarantor_spouse_name": null,
    "guarantor_address": {
      "street_address": "32 GRIZZLEY LN",
      "other_designation": null,
      "city": "ANCHORAGE",
      "state_or_province": "AK",
      "zip_or_postal_code": "99508",
      "country": "USA",
      "address_type": null,
      "other_geographic_designation": null,
      "county_parish_code": "ANCHORAGE"
    },
    "guarantor_phone_num_home": {
      "telephone_num": "(801)252-3201",
      "telecommunication_use_code": null,
      "telecommunication_equipment_type": null,
      "communication_address": null,
      "country_code": null,
      "area_city_code": "801",
      "local_num": "2523201"
    },
    "guarantor_phone_num_business": null,
    "guarantor_date_time_of_birth": "19820509",
    "guarantor_administrative_sex": "F",
    "guarantor_type": "Facility P/F",
    "guarantor_relationship": "19",
    "guarantor_ssn": null,
    "guarantor_date_begin": null,
    "guarantor_date_end": null,
    "guarantor_priority": null,
    "guarantor_employer_name": "EBAY",
    "guarantor_employer_address": {
      "street_address": null,
      "other_designation": null,
      "city": null,
      "state_or_province": null,
      "zip_or_postal_code": null,
      "country": "USA"
    },
    "guarantor_employer_phone_num": null,
    "guarantor_employee_id_num": null,
    "guarantor_employment_status": "F"
  },
  "0016.ZG1": {
    "fpl_effective_from_date": "ZG1"
  }
}