{
  "0000.COMN": {
    "sending_facility": "SDCSP",
    "message_control_id": "EPIC_SDCSP_MDM_122AAS_154123_0_FB74",
    "medical_record_num": "2000524369",
    "medical_record_urn": "L151243123",
    "patient_account_num": ""
  },
  "0001.MSH": {
    "field_separator": "|",
    "encoding_characters": "^~\\&",
    "sending_application": null,
    "sending_facility": "SDCSP",
    "receiving_application": null,
    "receiving_facility": null,
    "date_time_of_message": "20160606164544",
    "security": "SEV1254",
    "message_type": {
      "message_code": "MDM",
      "trigger_event": "T11"
    },
    "message_control_id": "EPIC_SDCSP_MDM_122AAS_154123_0_FB74",
    "processing_id": "P",
    "version_id": "2.3",
    "sequence_num": null,
    "continuation_pointer": "Epic_CWDV"
  },
  "0002.EVN": {
    "event_type_code": "T11",
    "recorded_date_time": "20160606164538",
    "date_time_planned_event": null,
    "event_reason_code": "UPDATE_NOTE",
    "operator_id": {
      "person_id": "SEV1254",
      "family_name": "CORODBIA",
      "given_name": "SEVA",
      "second_and_further_given_names_or_initials_thereof": "M",
      "suffix": null,
      "prefix": null,
      "degree": null,
      "source_table": null,
      "assigning_authority": "AH",
      "name_type_code": null,
      "id_check_digit": null,
      "check_digit_scheme": null,
      "id_type_code": null,
      "assigning_facility": "SDCSP"
    }
  },
  "0003.PID": {
    "set_id": null,
    "patient_id": {
      "id_num": "H579625",
      "id_check_digit": null,
      "check_digit_scheme": null,
      "assigning_authority": "CWTTXIURN",
      "id_type_code": "CWTTXIURN"
    },
    "patient_id_list": {
      "id_num": "2000524369",
      "id_check_digit": null,
      "check_digit_scheme": null,
      "assigning_authority": "EPIC",
      "id_type_code": "MRN"
    },
    "alternate_patient_id": [
      {
        "id_num": "L151243123",
        "id_check_digit": null,
        "check_digit_scheme": null,
        "assigning_authority": "SDMC",
        "id_type_code": "SDMC"
      },
      {
        "id_num": "H579625",
        "id_check_digit": null,
        "check_digit_scheme": null,
        "assigning_authority": "CWTTXIURN",
        "id_type_code": "CWTTXIURN"
      }
    ],
    "patient_name": {
      "family_name": "RHONDA",
      "given_name": "RODMAN",
      "second_and_further_given_names_or_initials_thereof": "READ"
    },
    "mother_maiden_name": null,
    "date_time_of_birth": "19780808",
    "administrative_sex": "F",
    "patient_alias": [
      {
        "family_name": "RHONDA",
        "given_name": "RODMAN",
        "second_and_further_given_names_or_initials_thereof": null,
        "suffix": null
      },
      {
        "family_name": "RHONDA",
        "given_name": "RODMAN",
        "second_and_further_given_names_or_initials_thereof": "R",
        "suffix": null
      }
    ],
    "race": "W",
    "patient_address": {
      "street_address": "1 BEND",
      "other_designation": null,
      "city": "DALLAS",
      "state_or_province": "TX",
      "zip_or_postal_code": "78987",
      "country": "USA",
      "address_type": "P",
      "other_geographic_designation": null,
      "county_parish_code": "TRAVIS"
    },
    "county_code": "TRAVIS",
    "phone_num_home": {
      "telephone_num": "(999)999-9999",
      "telecommunication_use_code": "P",
      "telecommunication_equipment_type": "H"
    },
    "phone_num_business": {
      "telephone_num": "(999)999-9999",
      "telecommunication_use_code": "P",
      "telecommunication_equipment_type": "W"
    },
    "primary_language": "ENGLISH",
    "marital_status": "D",
    "religion": "NON",
    "patient_account_num": null,
    "ssn_num_patient": "464-78-9896",
    "driver_license_num": null,
    "mother_name": null,
    "ethnic_group": "NOT HISPANIC",
    "birth_place": null,
    "multiple_birth_indicator": null,
    "birth_order": null,
    "citizenship": null,
    "veterans_military_status": null,
    "nationality": null,
    "patient_death_date_and_time": null,
    "patient_death_indicator": "N"
  },
  "0004.PD1": {
    "living_dependency": null,
    "living_arrangement": null,
    "patient_primary_facility": {
      "organization_name": "CST AUSTIN",
      "organization_name_type_code": null,
      "id_num": "90000019"
    }
  },
  "0005.PV1": {
    "set_id": null,
    "patient_class": "O",
    "assigned_patient_location": {
      "point_of_care": "CSTA",
      "room": null,
      "bed": null,
      "facility": "SDCSP",
      "location_status": null,
      "person_location_type": null,
      "building": null,
      "floor": null,
      "location_description": null,
      "comprehensive_location_id": null,
      "assigning_authority_for_location": null
    },
    "admission_type": null,
    "pre_admit_num": null,
    "prior_patient_location": null,
    "attending_doctor": [
      {
        "person_id": "WOZR",
        "family_name": "WOZNIAK",
        "given_name": "ROBERT",
        "second_and_further_given_names_or_initials_thereof": "J",
        "suffix": null,
        "prefix": null,
        "degree": null,
        "source_table": null,
        "assigning_authority": "PROVID",
        "name_type_code": null,
        "id_check_digit": null,
        "check_digit_scheme": null,
        "id_type_code": "PROVID"
      },
      {
        "person_id": "DVI9907",
        "family_name": "WOZNIAK",
        "given_name": "ROBERT",
        "second_and_further_given_names_or_initials_thereof": "J",
        "suffix": null,
        "prefix": null,
        "degree": null,
        "source_table": null,
        "assigning_authority": "THREEFOUR",
        "name_type_code": null,
        "id_check_digit": null,
        "check_digit_scheme": null,
        "id_type_code": "THREEFOUR"
      }
    ],
    "referring_doctor": [
      {
        "person_id": "UNDEFINED",
        "family_name": "FOUND",
        "given_name": "PROVIDER",
        "second_and_further_given_names_or_initials_thereof": "UNKNOWN OR NOT",
        "suffix": null,
        "prefix": null,
        "degree": null,
        "source_table": null,
        "assigning_authority": "PROVID",
        "name_type_code": null,
        "id_check_digit": null,
        "check_digit_scheme": null,
        "id_type_code": "PROVID"
      },
      {
        "person_id": "UNK1111",
        "family_name": "FOUND",
        "given_name": "PROVIDER",
        "second_and_further_given_names_or_initials_thereof": "UNKNOWN OR NOT",
        "suffix": null,
        "prefix": null,
        "degree": null,
        "source_table": null,
        "assigning_authority": "THREEFOUR",
        "name_type_code": null,
        "id_check_digit": null,
        "check_digit_scheme": null,
        "id_type_code": "THREEFOUR"
      }
    ],
    "consulting_doctor": null,
    "hospital_service": null,
    "temporary_location": null,
    "pre_admit_test_indicator": null,
    "readmission_indicator": null,
    "admit_source": null,
    "ambulatory_status": null,
    "vip_indicator": null,
    "admitting_doctor": null,
    "patient_type": null,
    "visit_num": "32239762",
    "financial_class": null,
    "charge_price_indicator": null,
    "courtesy_code": null,
    "credit_rating": null,
    "contract_code": null,
    "contract_effective_date": null,
    "contract_amt": null,
    "contract_period": null,
    "interest_code": null,
    "transfer_to_bad_debt_code": null,
    "transfer_to_bad_debt_date": null,
    "bad_debt_agency_code": null,
    "bad_debt_transfer_amt": null,
    "bad_debt_recovery_amt": null,
    "delete_account_indicator": null,
    "delete_account_date": null,
    "discharge_disposition": null,
    "discharged_to_location": null,
    "diet_type": null,
    "servicing_facility": null,
    "bed_status": null,
    "account_status": null,
    "pending_location": null,
    "prior_temporary_location": null,
    "admit_date_time": null,
    "discharge_date_time": "20160606151315"
  },
  "0006.TXA": {
    "set_id": "1",
    "document_type": {
      "id": "PROGRESS",
      "text": "Progress Notes"
    },
    "document_content_presentation": "TX",
    "activity_date_time": "20160606144326",
    "primary_activity_provider_code_name": {
      "person_id": "SEV1254",
      "family_name": "CORODBIA",
      "given_name": "SEVA",
      "second_and_further_given_names_or_initials_thereof": "M",
      "suffix": null,
      "prefix": null,
      "degree": null,
      "source_table": null,
      "assigning_authority": "THREEFOUR",
      "name_type_code": null,
      "id_check_digit": null,
      "check_digit_scheme": null,
      "id_type_code": "THREEFOUR"
    },
    "origination_date_time": "20160606144326",
    "transcription_date_time": null,
    "edit_date_time": "20160606144326",
    "originator_code_name": {
      "person_id": "SEV1254",
      "family_name": "CORODBIA",
      "given_name": "SEVA",
      "second_and_further_given_names_or_initials_thereof": "M",
      "suffix": null,
      "prefix": null,
      "degree": null,
      "source_table": null,
      "assigning_authority": "THREEFOUR",
      "name_type_code": null,
      "id_check_digit": null,
      "check_digit_scheme": null,
      "id_type_code": "THREEFOUR"
    },
    "assigned_document_authenticator": null,
    "transcriptionist_code_name": null,
    "unique_document_num": "31016394",
    "parent_document_num": null,
    "placer_order_num": null,
    "filler_order_num": null,
    "unique_document_file_name": null,
    "document_completion_status": "IP",
    "document_confidentiality_status": null,
    "document_availability_status": "CA"
  }
}