{
  "0000.COMN": {
    "sending_facility": "COCPL",
    "message_control_id": "MT_COCPL_MDM_PLDPTO.1.4624050",
    "medical_record_num": "E001152466",
    "medical_record_urn": "E911535",
    "patient_account_num": "E00989482939"
  },
  "0001.MSH": {
    "field_separator": "|",
    "encoding_characters": "^~\\&",
    "sending_application": null,
    "sending_facility": "COCPL",
    "receiving_application": null,
    "receiving_facility": null,
    "date_time_of_message": "201703301204",
    "security": null,
    "message_type": {
      "message_code": "MDM",
      "trigger_event": "T11"
    },
    "message_control_id": "MT_COCPL_MDM_PLDPTO.1.4624050",
    "processing_id": "P",
    "version_id": "2.1"
  },
  "0002.PID": {
    "set_id": "1",
    "lss_encounter_num": null,
    "medical_record_num": "E001152466",
    "medical_record_urn": "E911535",
    "patient_name": {
      "family_name": "NAMRATHA",
      "given_name": "MEDARAMETLA"
    },
    "mother_maiden_name": null,
    "date_time_of_birth": "19920715",
    "administrative_sex": "F",
    "patient_alias": {
      "family_name": null,
      "given_name": null,
      "second_and_further_given_names_or_initials_thereof": null,
      "suffix": null,
      "prefix": null,
      "degree": null,
      "name_type_code": "M"
    },
    "race": "U",
    "patient_address": {
      "street_address": "UNKNOWN",
      "other_designation": null,
      "city": ".",
      "state_or_province": "TX",
      "zip_or_postal_code": "."
    },
    "county_code": null,
    "phone_num_home": "636-577-2406",
    "phone_num_business": null,
    "primary_language": null,
    "marital_status": "U",
    "religion": "UNK",
    "patient_account_num": "E00989482939"
  },
  "0003.PV1": {
    "set_id": "1",
    "patient_class": "I",
    "assigned_patient_location": "E.2LD",
    "admission_type": "EL",
    "pre_admit_num": null,
    "prior_patient_location": null,
    "attending_doctor": {
      "person_id": "GUDMA",
      "family_name": "Gudipaty",
      "given_name": "Madhuri",
      "second_and_further_given_names_or_initials_thereof": null,
      "suffix": null,
      "prefix": null,
      "degree": "MD",
      "source_table": null,
      "assigning_authority": null,
      "name_type_code": null,
      "id_check_digit": null,
      "check_digit_scheme": null,
      "id_type_code": "XX"
    },
    "referring_doctor": {
      "person_id": "GUDMA",
      "family_name": "Gudipaty",
      "given_name": "Madhuri",
      "second_and_further_given_names_or_initials_thereof": null,
      "suffix": null,
      "prefix": null,
      "degree": "MD",
      "source_table": null,
      "assigning_authority": null,
      "name_type_code": null,
      "id_check_digit": null,
      "check_digit_scheme": null,
      "id_type_code": "XX"
    },
    "primary_care_doctor": {
      "person_id": ".NO PCP",
      "family_name": "Physician",
      "given_name": "No",
      "second_and_further_given_names_or_initials_thereof": "Primary or Family",
      "suffix": null,
      "prefix": null,
      "degree": null,
      "source_table": null,
      "assigning_authority": null,
      "name_type_code": null,
      "id_check_digit": null,
      "check_digit_scheme": null,
      "id_type_code": "XX"
    },
    "hospital_service": "LD",
    "temporary_location": null,
    "pre_admit_test_indicator": null,
    "readmission_indicator": null,
    "admit_source": "CR",
    "mode_of_arrival": null,
    "vip_indicator": null,
    "admitting_doctor": {
      "person_id": "GUDMA",
      "family_name": "Gudipaty",
      "given_name": "Madhuri",
      "second_and_further_given_names_or_initials_thereof": null,
      "suffix": null,
      "prefix": null,
      "degree": "MD",
      "source_table": null,
      "assigning_authority": null,
      "name_type_code": null,
      "id_check_digit": null,
      "check_digit_scheme": null,
      "id_type_code": "XX"
    },
    "patient_type": "IN",
    "visit_num": null,
    "financial_class": "99",
    "charge_price_indicator": null,
    "courtesy_code": null,
    "credit_rating": null,
    "contract_code": null,
    "contract_effective_date": null,
    "contract_amt": null,
    "contract_period": null,
    "interest_code": null,
    "transfer_to_bad_debt_code": null,
    "transfer_to_bad_debt_date": null,
    "bad_debt_agency_code": null,
    "bad_debt_transfer_amt": null,
    "bad_debt_recovery_amt": null,
    "delete_account_indicator": null,
    "delete_account_date": null,
    "discharge_disposition": null,
    "discharged_to_location": null,
    "diet_type": null,
    "servicing_facility": "COCPL",
    "reason_for_visit": null,
    "account_status": "CAN",
    "pending_location": null,
    "prior_temporary_location": null,
    "admit_date_time": "201703272100",
    "discharge_date_time": null,
    "current_patient_balance": null,
    "total_charges": null,
    "total_adjustments": null,
    "total_payments": null,
    "alternate_visit_id": null,
    "visit_indicator": null,
    "consulting_doctor": {
      "person_id": "GUDMA",
      "family_name": "Gudipaty",
      "given_name": "Madhuri",
      "second_and_further_given_names_or_initials_thereof": null,
      "suffix": null,
      "prefix": null,
      "degree": "MD",
      "source_table": null,
      "assigning_authority": null,
      "name_type_code": null,
      "id_check_digit": null,
      "check_digit_scheme": null,
      "id_type_code": "XX"
    }
  },
  "0004.TXA": {
    "set_id": null,
    "document_type": {
      "id": "HP",
      "text": "History and Physical"
    },
    "document_content_presentation": "201703261049",
    "activity_date_time": "201703241224",
    "primary_activity_provider_code_name": null,
    "origination_date_time": "201703270000",
    "transcription_date_time": "201703241455",
    "edit_date_time": null,
    "originator_code_name": {
      "person_id": "GUDMA",
      "family_name": "Gudipaty",
      "given_name": "Madhuri",
      "second_and_further_given_names_or_initials_thereof": null,
      "suffix": null,
      "prefix": null,
      "degree": "MD"
    },
    "assigned_document_authenticator": null,
    "transcriptionist_code_name": {
      "person_id": "E.TRANS",
      "family_name": "TRANSCRIPTION"
    },
    "unique_document_num": {
      "entity_id": "E.MR20170326-0066",
      "namespace_id": "1146162ESC"
    },
    "parent_document_num": null,
    "placer_order_num": null,
    "filler_order_num": "E.MR",
    "unique_document_file_name": "HP",
    "document_completion_status": "Cancel",
    "document_confidentiality_status": null,
    "document_availability_status": null,
    "document_storage_status": null,
    "document_change_reason": null,
    "authentication_person_time_stamp": {
      "person_id": "GUDMA",
      "family_name": "Gudipaty",
      "given_name": "Madhuri",
      "second_and_further_given_names_or_initials_thereof": null,
      "suffix": null,
      "prefix": null,
      "degree": "MD",
      "source_table": null,
      "assigning_authority": null,
      "name_type_code": null,
      "id_check_digit": null,
      "check_digit_scheme": null,
      "id_type_code": null,
      "assigning_facility": null,
      "date_time_action_performed": "201703241224"
    }
  }
}