{
  "0000.COMN": {
    "sending_facility": "STMH",
    "message_control_id": "EPIC_STMH_ORU_9999999",
    "medical_record_num": "1000770489",
    "medical_record_urn": "D000005496",
    "patient_account_num": "503016418"
  },
  "0001.MSH": {
    "field_separator": "|",
    "encoding_characters": "^~\\&",
    "sending_application": "IMG_ADDENDUM",
    "sending_facility": "STMH",
    "receiving_facility": "IMG_ADDENDUM",
    "date_time_of_message": "20170429101009",
    "security": "EDIRADIN",
    "message_type": {
      "message_code": "ORU",
      "trigger_event": "R01"
    },
    "message_control_id": "EPIC_STMH_ORU_9999999",
    "processing_id": "P",
    "version_id": "2.1",
    "continuation_pointer": "Epic_Mountain_PRD",
    "message_profile_id": " "
  },
  "0002.PID": {
    "set_id": "1",
    "patient_id": {
      "id_num": "W58115",
      "assigning_authority": "SLCURN",
      "id_type_code": "SLCURN"
    },
    "patient_id_list": {
      "id_num": "1000770489",
      "assigning_authority": "EPIC",
      "id_type_code": "MRN"
    },
    "alternate_patient_id": [
      {
        "id_num": "D000005496",
        "assigning_authority": "MCC",
        "id_type_code": "MCC"
      },
      {
        "id_num": "W000148001",
        "assigning_authority": "SMHP",
        "id_type_code": "SMHP"
      }
    ],
    "patient_name": {
      "family_name": "GETTYS",
      "given_name": "JAMES"
    },
    "date_time_of_birth": "19640903",
    "administrative_sex": "M",
    "patient_alias": {
      "family_name": "GETTYS",
      "given_name": "JIM"
    },
    "race": "W",
    "patient_address": {
      "street_address": "89 WEST INDIANA",
      "other_designation": "546",
      "city": "SALT LAKE CITY",
      "state_or_province": "UT",
      "zip_or_postal_code": "84116",
      "country": "USA",
      "address_type": "P",
      "county_parish_code": "SALT LAKE"
    },
    "county_code": "SALT LAKE",
    "phone_num_home": {
      "telephone_num": "(999)999-9999",
      "telecommunication_use_code": "P",
      "telecommunication_equipment_type": "H"
    },
    "marital_status": "M",
    "patient_account_num": "503016418",
    "ssn_num_patient": "999-99-9999",
    "patient_death_indicator": " "
  },
  "0003.PD1": {
    "patient_primary_facility": {
      "organization_name": "ST. MARK'S HOSPITAL",
      "id_num": "10001001"
    },
    "patient_primary_care_provider_name_and_id_num": [
      {
        "person_id": "FTR1234",
        "family_name": "FORGMEYE",
        "given_name": "EXCALBUR",
        "assigning_authority": "THREEFOUR",
        "id_type_code": "THREEFOUR"
      },
      {
        "person_id": "WINJE",
        "family_name": "FORGMEYE",
        "given_name": "EXCALBUR",
        "assigning_authority": "PROVID",
        "id_type_code": "PROVID"
      }
    ],
    "immunization_registry_status": " "
  },
  "0004.PV1": {
    "patient_class": "I",
    "assigned_patient_location": {
      "point_of_care": "STMHMU",
      "room": "W.3W27",
      "bed": "W.3W27A",
      "facility": "STMH"
    },
    "attending_doctor": [
      {
        "person_id": "BROHAN1",
        "family_name": "DROZAN",
        "given_name": "BROHANDERS",
        "second_and_further_given_names_or_initials_thereof": "C",
        "assigning_authority": "PROVID",
        "id_type_code": "PROVID"
      },
      {
        "person_id": "ENG7488",
        "family_name": "DROZAN",
        "given_name": "BROHANDERS",
        "second_and_further_given_names_or_initials_thereof": "C",
        "assigning_authority": "THREEFOUR",
        "id_type_code": "THREEFOUR"
      },
      {
        "person_id": "BEAKE",
        "family_name": "BELLY",
        "given_name": "JELLY",
        "second_and_further_given_names_or_initials_thereof": "D",
        "assigning_authority": "PROVID",
        "id_type_code": "PROVID"
      },
      {
        "person_id": "JBB0000",
        "family_name": "BELLY",
        "given_name": "JELLY",
        "second_and_further_given_names_or_initials_thereof": "D",
        "assigning_authority": "THREEFOUR",
        "id_type_code": "THREEFOUR"
      },
      {
        "person_id": "WIPOS",
        "family_name": "BLANCH",
        "given_name": "RONNIE",
        "assigning_authority": "PROVID",
        "id_type_code": "PROVID"
      },
      {
        "person_id": "QKU9368",
        "family_name": "BLANCH",
        "given_name": "RONNIE",
        "assigning_authority": "THREEFOUR",
        "id_type_code": "THREEFOUR"
      }
    ],
    "referring_doctor": {
      "person_id": ".SELF",
      "family_name": "REFERRED",
      "given_name": "SELF",
      "assigning_authority": "PROVID",
      "id_type_code": "PROVID"
    },
    "consulting_doctor": [
      {
        "person_id": "PROP",
        "family_name": "PORT",
        "given_name": "SLEVEN",
        "second_and_further_given_names_or_initials_thereof": "G",
        "assigning_authority": "PROVID",
        "id_type_code": "PROVID"
      },
      {
        "person_id": "ROT9776",
        "family_name": "PORT",
        "given_name": "SLEVEN",
        "second_and_further_given_names_or_initials_thereof": "G",
        "assigning_authority": "THREEFOUR",
        "id_type_code": "THREEFOUR"
      }
    ],
    "hospital_service": "MED",
    "admitting_doctor": [
      {
        "person_id": "BEAKE",
        "family_name": "BELLY",
        "given_name": "JELLY",
        "second_and_further_given_names_or_initials_thereof": "D",
        "assigning_authority": "PROVID",
        "id_type_code": "PROVID"
      },
      {
        "person_id": "JBB0000",
        "family_name": "BELLY",
        "given_name": "JELLY",
        "second_and_further_given_names_or_initials_thereof": "D",
        "assigning_authority": "THREEFOUR",
        "id_type_code": "THREEFOUR"
      }
    ],
    "visit_num": "27888026",
    "admit_date_time": "20170413130402",
    "visit_indicator": "V "
  },
  "0005.ORC": {
    "order_control": "RE",
    "placer_order_num": {
      "entity_id": "57927778",
      "namespace_id": "EPC"
    },
    "filler_order_num": {
      "entity_id": "STMH802565",
      "namespace_id": "EPC"
    },
    "order_status": "FA",
    "quantity_timing": {
      "start_date_time": "20170415131247",
      "end_date_time": "20170415133206",
      "priority": "R"
    },
    "date_time_of_transaction": "20170419101009",
    "entered_by": {
      "person_id": "EDIRADIN",
      "family_name": "INTERFACE",
      "given_name": "RAD",
      "second_and_further_given_names_or_initials_thereof": "RESULTS IN"
    },
    "ordering_provider": [
      {
        "person_id": "PETDA2",
        "family_name": "GRUBB",
        "given_name": "BRUGG",
        "second_and_further_given_names_or_initials_thereof": "S",
        "assigning_authority": "PROVID",
        "id_type_code": "PROVID"
      },
      {
        "person_id": "DRI1234",
        "family_name": "GRUBB",
        "given_name": "BRUGG",
        "second_and_further_given_names_or_initials_thereof": "S",
        "assigning_authority": "THREEFOUR",
        "id_type_code": "THREEFOUR"
      }
    ],
    "enterer_location": {
      "point_of_care": "10001001034",
      "facility": "10001001",
      "location_description": "UT SMH MED TELE ONC"
    },
    "call_back_phone_num": "(999)281-1788",
    "order_type": "I "
  },
  "0006.OBR": {
    "set_id": "1",
    "placer_order_num": {
      "entity_id": "57927778",
      "namespace_id": "EPC"
    },
    "filler_order_num": {
      "entity_id": "STMH802565",
      "namespace_id": "EPC"
    },
    "universal_service_id": {
      "id": "IMG271",
      "text": "MRI BRAIN W WO CONTRAST",
      "name_of_coding_system": "RAD",
      "alternate_text": "MRI BRAIN W/"
    },
    "priority": "R",
    "requested_date_time": "20170415105900",
    "specimen_action_code": "Hospital Per",
    "ordering_provider": [
      {
        "person_id": "PETDA2",
        "family_name": "GRUBB",
        "given_name": "BRUGG",
        "second_and_further_given_names_or_initials_thereof": "S",
        "assigning_authority": "PROVID",
        "id_type_code": "PROVID"
      },
      {
        "person_id": "DRI1234",
        "family_name": "GRUBB",
        "given_name": "BRUGG",
        "second_and_further_given_names_or_initials_thereof": "S",
        "assigning_authority": "THREEFOUR",
        "id_type_code": "THREEFOUR"
      }
    ],
    "order_callback_phone_num": "(999)281-1788",
    "results_rpt_status_chng_date_time": "20170419100800",
    "diagnostic_service_section_id": "MR",
    "result_status": "FA",
    "quantity_timing": {
      "start_date_time": "20170415131247",
      "end_date_time": "20170415133206",
      "priority": "R"
    },
    "reason_for_study": {
      "text": "rule out stroke"
    },
    "principal_result_interpreter": {
      "name": {
        "id_num": "OAV9753",
        "family_name": "O'NEIL",
        "given_name": "MATHLETE",
        "assigning_authority_namespace_id": "THREEFOUR",
        "identifier_type_code": "THREEFOUR"
      }
    },
    "assistant_result_interpreter": {
      "name": {
        "id_num": "DUH8364",
        "family_name": "HORTICULTURE",
        "given_name": "DELEROAN",
        "second_and_further_given_names_or_initials_thereof": "V",
        "assigning_authority_namespace_id": "THREEFOUR",
        "identifier_type_code": "THREEFOUR"
      }
    },
    "technician": {
      "name": {
        "id_num": "XSR0000",
        "family_name": "SHOWVAKER",
        "given_name": "MARTIN"
      }
    },
    "scheduled_date_time": "20170415124000",
    "procedure_code": {
      "id": "IMG271",
      "text": "MRI BRAIN W WO CONTRAST",
      "name_of_coding_system": "RAD",
      "alternate_text": "MRI BRAIN W/ "
    }
  },
  "0007.OBX": {
    "set_id": "1",
    "value_type": "ST",
    "obsv_id": "&ADT",
    "obsv_sub_id": "1",
    "obsv_result_status": "FA",
    "producer_id": "41",
    "responsible_obsverver": {
      "person_id": "XSR0000",
      "family_name": "SHOWVAKER",
      "given_name": "MARTIN"
    },
    "equipment_instance_id": " "
  },
  "0008.OBX": {
    "set_id": "2",
    "value_type": "ST",
    "obsv_id": "&ADT",
    "obsv_sub_id": "1",
    "obsv_value": "Electronically Signed By HORTICULTURE, DELEROAN on Wed Apr 19, 2017 10:08:00 MDT",
    "obsv_result_status": "FA",
    "producer_id": "41",
    "responsible_obsverver": {
      "person_id": "XSR0000",
      "family_name": "SHOWVAKER",
      "given_name": "MARTIN"
    },
    "equipment_instance_id": " "
  },
  "0009.OBX": {
    "set_id": "3",
    "value_type": "ST",
    "obsv_id": "&ADT",
    "obsv_sub_id": "1",
    "obsv_result_status": "FA",
    "producer_id": "41",
    "responsible_obsverver": {
      "person_id": "XSR0000",
      "family_name": "SHOWVAKER",
      "given_name": "MARTIN"
    },
    "equipment_instance_id": " "
  },
  "0010.OBX": {
    "set_id": "4",
    "value_type": "ST",
    "obsv_id": "&ADT",
    "obsv_sub_id": "1",
    "obsv_result_status": "FA",
    "producer_id": "41",
    "responsible_obsverver": {
      "person_id": "XSR0000",
      "family_name": "SHOWVAKER",
      "given_name": "MARTIN"
    },
    "equipment_instance_id": " "
  },
  "0011.OBX": {
    "set_id": "5",
    "value_type": "ST",
    "obsv_id": "&ADT",
    "obsv_sub_id": "1",
    "obsv_value": "Addendum: Additional history was provided from the covering physician. Patient was post op at the time of the imaging. The pattern of cortical diffusion restriction, right greater than left is most consistent with anoxic/hypoxic cortical injury. ",
    "obsv_result_status": "FA",
    "producer_id": "41",
    "responsible_obsverver": {
      "person_id": "XSR0000",
      "family_name": "SHOWVAKER",
      "given_name": "MARTIN"
    },
    "equipment_instance_id": " "
  },
  "0012.OBX": {
    "set_id": "6",
    "value_type": "ST",
    "obsv_id": "&ADT",
    "obsv_sub_id": "1",
    "obsv_result_status": "FA",
    "producer_id": "41",
    "responsible_obsverver": {
      "person_id": "XSR0000",
      "family_name": "SHOWVAKER",
      "given_name": "MARTIN"
    },
    "equipment_instance_id": " "
  },
  "0013.OBX": {
    "set_id": "7",
    "value_type": "ST",
    "obsv_id": "&ADT",
    "obsv_sub_id": "1",
    "obsv_value": "The cortical involvement of the left cerebral hemisphere is less than that of the right which may be secondary to underlying structural abnormalities involving the carotid vasculature.",
    "obsv_result_status": "FA",
    "producer_id": "41",
    "responsible_obsverver": {
      "person_id": "XSR0000",
      "family_name": "SHOWVAKER",
      "given_name": "MARTIN"
    },
    "equipment_instance_id": " "
  },
  "0014.OBX": {
    "set_id": "8",
    "value_type": "ST",
    "obsv_id": "&ADT",
    "obsv_sub_id": "1",
    "obsv_result_status": "FA",
    "producer_id": "41",
    "responsible_obsverver": {
      "person_id": "XSR0000",
      "family_name": "SHOWVAKER",
      "given_name": "MARTIN"
    },
    "equipment_instance_id": " "
  },
  "0015.OBX": {
    "set_id": "9",
    "value_type": "ST",
    "obsv_id": "&ADT",
    "obsv_sub_id": "1",
    "obsv_value": "** Electronically Signed by Dileroan V Horticulture, MD on 4/19/2017 10:08 AM **",
    "obsv_result_status": "FA",
    "producer_id": "41",
    "responsible_obsverver": {
      "person_id": "XSR0000",
      "family_name": "SHOWVAKER",
      "given_name": "MARTIN"
    },
    "equipment_instance_id": " "
  },
  "0016.OBX": {
    "set_id": "10",
    "value_type": "ST",
    "obsv_id": "&GDT",
    "obsv_sub_id": "2",
    "obsv_result_status": "FA",
    "producer_id": "41",
    "responsible_obsverver": {
      "person_id": "XSR0000",
      "family_name": "SHOWVAKER",
      "given_name": "MARTIN"
    },
    "equipment_instance_id": " "
  },
  "0017.OBX": {
    "set_id": "11",
    "value_type": "ST",
    "obsv_id": "&GDT",
    "obsv_sub_id": "2",
    "obsv_value": "HISTORY: Neurologic symptoms, evaluate for CVA",
    "obsv_result_status": "FA",
    "producer_id": "41",
    "responsible_obsverver": {
      "person_id": "XSR0000",
      "family_name": "SHOWVAKER",
      "given_name": "MARTIN"
    },
    "equipment_instance_id": " "
  },
  "0018.OBX": {
    "set_id": "12",
    "value_type": "ST",
    "obsv_id": "&GDT",
    "obsv_sub_id": "2",
    "obsv_result_status": "FA",
    "producer_id": "41",
    "responsible_obsverver": {
      "person_id": "XSR0000",
      "family_name": "SHOWVAKER",
      "given_name": "MARTIN"
    },
    "equipment_instance_id": " "
  },
  "0019.OBX": {
    "set_id": "13",
    "value_type": "ST",
    "obsv_id": "&GDT",
    "obsv_sub_id": "2",
    "obsv_value": "MRI 5:  Brain MRI with and without contrast was performed, multiplanar sequences. Intravenous contrast Gadavist, volume 10 ml.",
    "obsv_result_status": "FA",
    "producer_id": "41",
    "responsible_obsverver": {
      "person_id": "XSR0000",
      "family_name": "SHOWVAKER",
      "given_name": "MARTIN"
    },
    "equipment_instance_id": " "
  },
  "0020.OBX": {
    "set_id": "14",
    "value_type": "ST",
    "obsv_id": "&GDT",
    "obsv_sub_id": "2",
    "obsv_result_status": "FA",
    "producer_id": "41",
    "responsible_obsverver": {
      "person_id": "XSR0000",
      "family_name": "SHOWVAKER",
      "given_name": "MARTIN"
    },
    "equipment_instance_id": " "
  },
  "0021.OBX": {
    "set_id": "15",
    "value_type": "ST",
    "obsv_id": "&GDT",
    "obsv_sub_id": "2",
    "obsv_value": "COMPARISON: February 18, 2011",
    "obsv_result_status": "FA",
    "producer_id": "41",
    "responsible_obsverver": {
      "person_id": "XSR0000",
      "family_name": "SHOWVAKER",
      "given_name": "MARTIN"
    },
    "equipment_instance_id": " "
  },
  "0022.OBX": {
    "set_id": "16",
    "value_type": "ST",
    "obsv_id": "&GDT",
    "obsv_sub_id": "2",
    "obsv_result_status": "FA",
    "producer_id": "41",
    "responsible_obsverver": {
      "person_id": "XSR0000",
      "family_name": "SHOWVAKER",
      "given_name": "MARTIN"
    },
    "equipment_instance_id": " "
  },
  "0023.OBX": {
    "set_id": "17",
    "value_type": "ST",
    "obsv_id": "&GDT",
    "obsv_sub_id": "2",
    "obsv_value": "FINDINGS: There is restricted diffusion along the cortical margin of the right frontal, parietal and temporal lobes. There is corresponding increase intensity on FLAIR and T2 but not on T1. There is also increased hyperintensity in the right basal ",
    "obsv_result_status": "FA",
    "producer_id": "41",
    "responsible_obsverver": {
      "person_id": "XSR0000",
      "family_name": "SHOWVAKER",
      "given_name": "MARTIN"
    },
    "equipment_instance_id": " "
  },
  "0024.OBX": {
    "set_id": "18",
    "value_type": "ST",
    "obsv_id": "&GDT",
    "obsv_sub_id": "2",
    "obsv_value": "ganglia compared to the left. No blood products are seen. No significant mass effect or midline shift is seen. With gadolinium, no abnormal enhancement is seen.",
    "obsv_result_status": "FA",
    "producer_id": "41",
    "responsible_obsverver": {
      "person_id": "XSR0000",
      "family_name": "SHOWVAKER",
      "given_name": "MARTIN"
    },
    "equipment_instance_id": " "
  },
  "0025.OBX": {
    "set_id": "19",
    "value_type": "ST",
    "obsv_id": "&GDT",
    "obsv_sub_id": "2",
    "obsv_result_status": "FA",
    "producer_id": "41",
    "responsible_obsverver": {
      "person_id": "XSR0000",
      "family_name": "SHOWVAKER",
      "given_name": "MARTIN"
    },
    "equipment_instance_id": " "
  },
  "0026.OBX": {
    "set_id": "20",
    "value_type": "ST",
    "obsv_id": "&GDT",
    "obsv_sub_id": "2",
    "obsv_value": "Elsewhere in the brain, there are periventricular and deep white matter hyperintensities, present on the previous exam.",
    "obsv_result_status": "FA",
    "producer_id": "41",
    "responsible_obsverver": {
      "person_id": "XSR0000",
      "family_name": "SHOWVAKER",
      "given_name": "MARTIN"
    },
    "equipment_instance_id": " "
  },
  "0027.OBX": {
    "set_id": "21",
    "value_type": "ST",
    "obsv_id": "&GDT",
    "obsv_sub_id": "2",
    "obsv_result_status": "FA",
    "producer_id": "41",
    "responsible_obsverver": {
      "person_id": "XSR0000",
      "family_name": "SHOWVAKER",
      "given_name": "MARTIN"
    },
    "equipment_instance_id": " "
  },
  "0028.OBX": {
    "set_id": "22",
    "value_type": "ST",
    "obsv_id": "&IMP",
    "obsv_sub_id": "3",
    "obsv_result_status": "FA",
    "producer_id": "41",
    "responsible_obsverver": {
      "person_id": "XSR0000",
      "family_name": "SHOWVAKER",
      "given_name": "MARTIN"
    },
    "equipment_instance_id": " "
  },
  "0029.OBX": {
    "set_id": "23",
    "value_type": "ST",
    "obsv_id": "&IMP",
    "obsv_sub_id": "3",
    "obsv_value": "IMPRESSION:",
    "obsv_result_status": "FA",
    "producer_id": "41",
    "responsible_obsverver": {
      "person_id": "XSR0000",
      "family_name": "SHOWVAKER",
      "given_name": "MARTIN"
    },
    "equipment_instance_id": " "
  },
  "0030.OBX": {
    "set_id": "24",
    "value_type": "ST",
    "obsv_id": "&IMP",
    "obsv_sub_id": "3",
    "obsv_value": "Cortical hyperintensity and restricted diffusion involving the right hemisphere and right basal ganglia. This is most likely an ischemic event. It does not follow a typical vascular distribution. Etiology is uncertain. This appearance can be seen with ",
    "obsv_result_status": "FA",
    "producer_id": "41",
    "responsible_obsverver": {
      "person_id": "XSR0000",
      "family_name": "SHOWVAKER",
      "given_name": "MARTIN"
    },
    "equipment_instance_id": " "
  },
  "0031.OBX": {
    "set_id": "25",
    "value_type": "ST",
    "obsv_id": "&IMP",
    "obsv_sub_id": "3",
    "obsv_value": "status epilepticus. Herpes encephalitis typically does not involve the entire convexity.",
    "obsv_result_status": "FA",
    "producer_id": "41",
    "responsible_obsverver": {
      "person_id": "XSR0000",
      "family_name": "SHOWVAKER",
      "given_name": "MARTIN"
    },
    "equipment_instance_id": " "
  },
  "0032.OBX": {
    "set_id": "26",
    "value_type": "ST",
    "obsv_id": "&IMP",
    "obsv_sub_id": "3",
    "obsv_result_status": "FA",
    "producer_id": "41",
    "responsible_obsverver": {
      "person_id": "XSR0000",
      "family_name": "SHOWVAKER",
      "given_name": "MARTIN"
    },
    "equipment_instance_id": " "
  },
  "0033.OBX": {
    "set_id": "27",
    "value_type": "ST",
    "obsv_id": "&IMP",
    "obsv_sub_id": "3",
    "obsv_value": "** Electronically Signed by Mathlete A O'Neil, MD on 4/15/2017 1:56 PM **",
    "obsv_result_status": "FA",
    "producer_id": "41",
    "responsible_obsverver": {
      "person_id": "XSR0000",
      "family_name": "SHOWVAKER",
      "given_name": "MARTIN"
    },
    "equipment_instance_id": " "
  },
  "0034.OBX": {
    "set_id": "28",
    "value_type": "ST",
    "obsv_id": "&GDT",
    "obsv_sub_id": "3",
    "obsv_result_status": "FA",
    "producer_id": "41",
    "responsible_obsverver": {
      "person_id": "XSR0000",
      "family_name": "SHOWVAKER",
      "given_name": "MARTIN"
    },
    "equipment_instance_id": " "
  },
  "0035.OBX": {
    "set_id": "29",
    "value_type": "ST",
    "obsv_id": "&GDT",
    "obsv_sub_id": "3",
    "obsv_value": "Electronically Signed By Mathlete O'Neil, MD on 4/15/2017 13:56",
    "obsv_result_status": "FA",
    "producer_id": "41",
    "responsible_obsverver": {
      "person_id": "XSR0000",
      "family_name": "SHOWVAKER",
      "given_name": "MARTIN"
    },
    "equipment_instance_id": " "
  },
  "0036.OBX": {
    "set_id": "30",
    "value_type": "ST",
    "obsv_id": "&GDT",
    "obsv_sub_id": "3",
    "obsv_value": "Electronically Signed By Dileroan V Horticulture, MD on 4/19/2017 10:08",
    "obsv_result_status": "FA",
    "producer_id": "41",
    "responsible_obsverver": {
      "person_id": "XSR0000",
      "family_name": "SHOWVAKER",
      "given_name": "MARTIN"
    },
    "equipment_instance_id": " "
  },
  "0037.OBX": {
    "set_id": "31",
    "value_type": "ST",
    "obsv_id": "&GDT",
    "obsv_sub_id": "3",
    "obsv_result_status": "FA",
    "producer_id": "41",
    "responsible_obsverver": {
      "person_id": "XSR0000",
      "family_name": "SHOWVAKER",
      "given_name": "MARTIN"
    },
    "equipment_instance_id": " "
  },
  "0038.ZDS": {
    "study_instance": {
      "reference_pointer": "1.2.840.114350.2.340.2.798268.2.57927778.1",
      "application_id": "EPIC",
      "data_type": "APPLICATION",
      "subtype": "DICOM"
    }
  }
}